Archive member included to satisfy reference by file (symbol)

d:/gnu arm embedded toolchain/10 2021.10/bin/../lib/gcc/arm-none-eabi/10.3.1/../../../../arm-none-eabi/lib/thumb/v7e-m+fp/hard\libc_nano.a(lib_a-atoi.o)
                              build/netif.o (atoi)
d:/gnu arm embedded toolchain/10 2021.10/bin/../lib/gcc/arm-none-eabi/10.3.1/../../../../arm-none-eabi/lib/thumb/v7e-m+fp/hard\libc_nano.a(lib_a-ctype_.o)
                              build/ip4_addr.o (_ctype_)
d:/gnu arm embedded toolchain/10 2021.10/bin/../lib/gcc/arm-none-eabi/10.3.1/../../../../arm-none-eabi/lib/thumb/v7e-m+fp/hard\libc_nano.a(lib_a-exit.o)
                              d:/gnu arm embedded toolchain/10 2021.10/bin/../lib/gcc/arm-none-eabi/10.3.1/../../../../arm-none-eabi/lib/thumb/v7e-m+fp/hard/crt0.o (exit)
d:/gnu arm embedded toolchain/10 2021.10/bin/../lib/gcc/arm-none-eabi/10.3.1/../../../../arm-none-eabi/lib/thumb/v7e-m+fp/hard\libc_nano.a(lib_a-impure.o)
                              d:/gnu arm embedded toolchain/10 2021.10/bin/../lib/gcc/arm-none-eabi/10.3.1/../../../../arm-none-eabi/lib/thumb/v7e-m+fp/hard\libc_nano.a(lib_a-exit.o) (_global_impure_ptr)
d:/gnu arm embedded toolchain/10 2021.10/bin/../lib/gcc/arm-none-eabi/10.3.1/../../../../arm-none-eabi/lib/thumb/v7e-m+fp/hard\libc_nano.a(lib_a-init.o)
                              d:/gnu arm embedded toolchain/10 2021.10/bin/../lib/gcc/arm-none-eabi/10.3.1/../../../../arm-none-eabi/lib/thumb/v7e-m+fp/hard/crt0.o (__libc_init_array)
d:/gnu arm embedded toolchain/10 2021.10/bin/../lib/gcc/arm-none-eabi/10.3.1/../../../../arm-none-eabi/lib/thumb/v7e-m+fp/hard\libc_nano.a(lib_a-malloc.o)
                              build/ad7606.o (malloc)
d:/gnu arm embedded toolchain/10 2021.10/bin/../lib/gcc/arm-none-eabi/10.3.1/../../../../arm-none-eabi/lib/thumb/v7e-m+fp/hard\libc_nano.a(lib_a-memcmp.o)
                              build/bridgeif_fdb.o (memcmp)
d:/gnu arm embedded toolchain/10 2021.10/bin/../lib/gcc/arm-none-eabi/10.3.1/../../../../arm-none-eabi/lib/thumb/v7e-m+fp/hard\libc_nano.a(lib_a-memcpy-stub.o)
                              build/ethernetif.o (memcpy)
d:/gnu arm embedded toolchain/10 2021.10/bin/../lib/gcc/arm-none-eabi/10.3.1/../../../../arm-none-eabi/lib/thumb/v7e-m+fp/hard\libc_nano.a(lib_a-memmove.o)
                              build/def.o (memmove)
d:/gnu arm embedded toolchain/10 2021.10/bin/../lib/gcc/arm-none-eabi/10.3.1/../../../../arm-none-eabi/lib/thumb/v7e-m+fp/hard\libc_nano.a(lib_a-memset.o)
                              d:/gnu arm embedded toolchain/10 2021.10/bin/../lib/gcc/arm-none-eabi/10.3.1/../../../../arm-none-eabi/lib/thumb/v7e-m+fp/hard/crt0.o (memset)
d:/gnu arm embedded toolchain/10 2021.10/bin/../lib/gcc/arm-none-eabi/10.3.1/../../../../arm-none-eabi/lib/thumb/v7e-m+fp/hard\libc_nano.a(lib_a-nano-freer.o)
                              d:/gnu arm embedded toolchain/10 2021.10/bin/../lib/gcc/arm-none-eabi/10.3.1/../../../../arm-none-eabi/lib/thumb/v7e-m+fp/hard\libc_nano.a(lib_a-malloc.o) (_free_r)
d:/gnu arm embedded toolchain/10 2021.10/bin/../lib/gcc/arm-none-eabi/10.3.1/../../../../arm-none-eabi/lib/thumb/v7e-m+fp/hard\libc_nano.a(lib_a-nano-mallocr.o)
                              d:/gnu arm embedded toolchain/10 2021.10/bin/../lib/gcc/arm-none-eabi/10.3.1/../../../../arm-none-eabi/lib/thumb/v7e-m+fp/hard\libc_nano.a(lib_a-malloc.o) (_malloc_r)
d:/gnu arm embedded toolchain/10 2021.10/bin/../lib/gcc/arm-none-eabi/10.3.1/../../../../arm-none-eabi/lib/thumb/v7e-m+fp/hard\libc_nano.a(lib_a-printf.o)
                              build/sdio.o (printf)
d:/gnu arm embedded toolchain/10 2021.10/bin/../lib/gcc/arm-none-eabi/10.3.1/../../../../arm-none-eabi/lib/thumb/v7e-m+fp/hard\libc_nano.a(lib_a-puts.o)
                              build/main.o (puts)
d:/gnu arm embedded toolchain/10 2021.10/bin/../lib/gcc/arm-none-eabi/10.3.1/../../../../arm-none-eabi/lib/thumb/v7e-m+fp/hard\libc_nano.a(lib_a-rand.o)
                              build/tcp.o (rand)
d:/gnu arm embedded toolchain/10 2021.10/bin/../lib/gcc/arm-none-eabi/10.3.1/../../../../arm-none-eabi/lib/thumb/v7e-m+fp/hard\libc_nano.a(lib_a-sbrkr.o)
                              d:/gnu arm embedded toolchain/10 2021.10/bin/../lib/gcc/arm-none-eabi/10.3.1/../../../../arm-none-eabi/lib/thumb/v7e-m+fp/hard\libc_nano.a(lib_a-nano-mallocr.o) (_sbrk_r)
d:/gnu arm embedded toolchain/10 2021.10/bin/../lib/gcc/arm-none-eabi/10.3.1/../../../../arm-none-eabi/lib/thumb/v7e-m+fp/hard\libc_nano.a(lib_a-strlen.o)
                              build/def.o (strlen)
d:/gnu arm embedded toolchain/10 2021.10/bin/../lib/gcc/arm-none-eabi/10.3.1/../../../../arm-none-eabi/lib/thumb/v7e-m+fp/hard\libc_nano.a(lib_a-strncmp.o)
                              build/def.o (strncmp)
d:/gnu arm embedded toolchain/10 2021.10/bin/../lib/gcc/arm-none-eabi/10.3.1/../../../../arm-none-eabi/lib/thumb/v7e-m+fp/hard\libc_nano.a(lib_a-strtol.o)
[...]
Memory Configuration

Name             Origin             Length             Attributes
RAM              0x20000000         0x00020000         xrw
CCMRAM           0x10000000         0x00010000         xrw
FLASH            0x08000000         0x00100000         xr
MALLOC           0x64000000         0x00080000         xrw
*default*        0x00000000         0xffffffff

Linker script and memory map

LOAD d:/gnu arm embedded toolchain/10 2021.10/bin/../lib/gcc/arm-none-eabi/10.3.1/thumb/v7e-m+fp/hard/crti.o
LOAD d:/gnu arm embedded toolchain/10 2021.10/bin/../lib/gcc/arm-none-eabi/10.3.1/thumb/v7e-m+fp/hard/crtbegin.o
LOAD d:/gnu arm embedded toolchain/10 2021.10/bin/../lib/gcc/arm-none-eabi/10.3.1/../../../../arm-none-eabi/lib/thumb/v7e-m+fp/hard/crt0.o
LOAD build/main.o
LOAD build/gpio.o
LOAD build/fsmc.o
LOAD build/sdio.o
LOAD build/tim.o
LOAD build/usart.o
LOAD build/ad7606.o
LOAD build/FFT_MATH.o
LOAD build/stm32f4xx_it.o
LOAD build/stm32f4xx_hal_msp.o
LOAD build/ScreenGui.o
LOAD build/tcpclient.o
LOAD build/stm32f4xx_ll_fsmc.o
LOAD build/stm32f4xx_hal_rcc.o
LOAD build/stm32f4xx_hal_rcc_ex.o
LOAD build/stm32f4xx_hal_flash.o
LOAD build/stm32f4xx_hal_flash_ex.o
LOAD build/stm32f4xx_hal_flash_ramfunc.o
LOAD build/stm32f4xx_hal_gpio.o
LOAD build/stm32f4xx_hal_dma_ex.o
LOAD build/stm32f4xx_hal_dma.o
LOAD build/stm32f4xx_hal_pwr.o
LOAD build/stm32f4xx_hal_pwr_ex.o
LOAD build/stm32f4xx_hal_cortex.o
LOAD build/stm32f4xx_hal.o
LOAD build/stm32f4xx_hal_exti.o
LOAD build/stm32f4xx_hal_sram.o
LOAD build/stm32f4xx_ll_sdmmc.o
LOAD build/stm32f4xx_hal_sd.o
LOAD build/stm32f4xx_hal_tim.o
LOAD build/stm32f4xx_hal_tim_ex.o
LOAD build/stm32f4xx_hal_uart.o
LOAD build/system_stm32f4xx.o
LOAD build/rtc.o
LOAD build/stm32f4xx_hal_rtc.o
LOAD build/stm32f4xx_hal_rtc_ex.o
LOAD build/dma.o
LOAD build/lcd_init.o
LOAD build/lcd.o
LOAD build/arm_bitreversal.o
LOAD build/arm_cfft_f32.o
LOAD build/arm_cfft_q15.o
LOAD build/arm_cfft_q31.o
LOAD build/arm_cfft_radix2_f32.o
LOAD build/arm_cfft_radix2_init_f32.o
LOAD build/arm_cfft_radix2_init_q15.o
LOAD build/arm_cfft_radix2_init_q31.o
LOAD build/arm_cfft_radix2_q15.o
LOAD build/arm_cfft_radix2_q31.o
LOAD build/arm_cfft_radix4_f32.o
LOAD build/arm_cfft_radix4_init_f32.o
LOAD build/arm_cfft_radix4_init_q15.o
LOAD build/arm_cfft_radix4_init_q31.o
LOAD build/arm_cfft_radix4_q15.o
LOAD build/arm_cfft_radix4_q31.o
LOAD build/arm_cfft_radix8_f32.o
LOAD build/arm_dct4_f32.o
LOAD build/arm_dct4_init_f32.o
LOAD build/arm_dct4_init_q15.o
LOAD build/arm_dct4_q15.o
LOAD build/arm_dct4_init_q31.o
LOAD build/arm_dct4_q31.o
LOAD build/arm_rfft_f32.o
LOAD build/arm_rfft_fast_f32.o
LOAD build/arm_rfft_fast_init_f32.o
LOAD build/arm_rfft_init_f32.o
LOAD build/arm_rfft_init_q15.o
LOAD build/arm_rfft_init_q31.o
LOAD build/arm_rfft_q15.o
LOAD build/arm_rfft_q31.o
LOAD build/arm_common_tables.o
LOAD build/arm_const_structs.o
LOAD build/bitreversal.o
LOAD build/arm_cmplx_conj_f32.o
LOAD build/arm_cmplx_conj_q15.o
LOAD build/arm_cmplx_conj_q31.o
LOAD build/arm_cmplx_dot_prod_f32.o
LOAD build/arm_cmplx_dot_prod_q15.o
LOAD build/arm_cmplx_dot_prod_q31.o
LOAD build/arm_cmplx_mag_q15.o
LOAD build/arm_cmplx_mag_f32.o
LOAD build/arm_cmplx_mag_q31.o
LOAD build/arm_cmplx_mag_squared_f32.o
LOAD build/arm_cmplx_mag_squared_q15.o
LOAD build/arm_cmplx_mag_squared_q31.o
LOAD build/arm_cmplx_mult_cmplx_f32.o
LOAD build/arm_cmplx_mult_cmplx_q15.o
LOAD build/arm_cmplx_mult_cmplx_q31.o
LOAD build/arm_cmplx_mult_real_f32.o
LOAD build/arm_cmplx_mult_real_q15.o
LOAD build/arm_cmplx_mult_real_q31.o
LOAD build/ethernetif.o
LOAD build/lwip.o
LOAD build/stm32f4xx_hal_eth.o
LOAD build/auth.o
LOAD build/ccp.o
LOAD build/chap_ms.o
LOAD build/chap-md5.o
LOAD build/chap-new.o
LOAD build/demand.o
LOAD build/eap.o
LOAD build/eui64.o
LOAD build/fsm.o
LOAD build/ipcp.o
LOAD build/ipv6cp.o
LOAD build/lcp.o
LOAD build/magic.o
LOAD build/mppe.o
LOAD build/multilink.o
LOAD build/ppp.o
LOAD build/pppapi.o
LOAD build/pppcrypt.o
LOAD build/pppoe.o
LOAD build/pppol2tp.o
LOAD build/pppos.o
LOAD build/upap.o
LOAD build/utils.o
LOAD build/vj.o
LOAD build/bridgeif.o
LOAD build/bridgeif_fdb.o
LOAD build/ethernet.o
LOAD build/lowpan6.o
LOAD build/lowpan6_ble.o
LOAD build/lowpan6_common.o
LOAD build/slipif.o
LOAD build/zepif.o
LOAD build/ecp.o
LOAD build/api_lib.o
LOAD build/api_msg.o
LOAD build/err.o
LOAD build/if_api.o
LOAD build/netbuf.o
LOAD build/netdb.o
LOAD build/netifapi.o
LOAD build/sockets.o
LOAD build/tcpip.o
LOAD build/altcp.o
LOAD build/altcp_alloc.o
LOAD build/altcp_tcp.o
LOAD build/def.o
LOAD build/dns.o
LOAD build/inet_chksum.o
LOAD build/init.o
LOAD build/ip.o
LOAD build/mem.o
LOAD build/memp.o
LOAD build/netif.o
LOAD build/pbuf.o
LOAD build/raw.o
LOAD build/stats.o
LOAD build/sys.o
LOAD build/tcp.o
LOAD build/tcp_in.o
LOAD build/tcp_out.o
LOAD build/timeouts.o
LOAD build/udp.o
LOAD build/autoip.o
LOAD build/dhcp.o
LOAD build/etharp.o
LOAD build/icmp.o
LOAD build/igmp.o
LOAD build/ip4.o
LOAD build/ip4_addr.o
LOAD build/ip4_frag.o
LOAD build/dhcp6.o
LOAD build/ethip6.o
LOAD build/icmp6.o
LOAD build/inet6.o
LOAD build/ip6.o
LOAD build/ip6_addr.o
LOAD build/ip6_frag.o
LOAD build/mld6.o
LOAD build/nd6.o
LOAD build/mqtt.o
LOAD build/crc.o
LOAD build/stm32f4xx_hal_crc.o
LOAD build/startup_stm32f417xx.o
LOAD d:/gnu arm embedded toolchain/10 2021.10/bin/../lib/gcc/arm-none-eabi/10.3.1/../../../../arm-none-eabi/lib/thumb/v7e-m+fp/hard\libc_nano.a
LOAD d:/gnu arm embedded toolchain/10 2021.10/bin/../lib/gcc/arm-none-eabi/10.3.1/../../../../arm-none-eabi/lib/thumb/v7e-m+fp/hard\libm.a
LOAD d:/gnu arm embedded toolchain/10 2021.10/bin/../lib/gcc/arm-none-eabi/10.3.1/../../../../arm-none-eabi/lib/thumb/v7e-m+fp/hard\libnosys.a
START GROUP
LOAD d:/gnu arm embedded toolchain/10 2021.10/bin/../lib/gcc/arm-none-eabi/10.3.1/thumb/v7e-m+fp/hard\libgcc.a
LOAD d:/gnu arm embedded toolchain/10 2021.10/bin/../lib/gcc/arm-none-eabi/10.3.1/../../../../arm-none-eabi/lib/thumb/v7e-m+fp/hard\libc_nano.a
END GROUP
START GROUP
LOAD d:/gnu arm embedded toolchain/10 2021.10/bin/../lib/gcc/arm-none-eabi/10.3.1/thumb/v7e-m+fp/hard\libgcc.a
LOAD d:/gnu arm embedded toolchain/10 2021.10/bin/../lib/gcc/arm-none-eabi/10.3.1/../../../../arm-none-eabi/lib/thumb/v7e-m+fp/hard\libc_nano.a
END GROUP
LOAD d:/gnu arm embedded toolchain/10 2021.10/bin/../lib/gcc/arm-none-eabi/10.3.1/thumb/v7e-m+fp/hard/crtend.o
LOAD d:/gnu arm embedded toolchain/10 2021.10/bin/../lib/gcc/arm-none-eabi/10.3.1/thumb/v7e-m+fp/hard/crtn.o
                0x20020000                _estack = (ORIGIN (RAM) + LENGTH (RAM))
                0x00001800                _Min_Heap_Size = 0x1800
                0x00000400                _Min_Stack_Size = 0x400

.isr_vector     0x08000000      0x188
                0x08000000                . = ALIGN (0x4)
 *(.isr_vector)
 .isr_vector    0x08000000      0x188 build/startup_stm32f417xx.o
                0x08000000                g_pfnVectors
                0x08000188                . = ALIGN (0x4)

.text           0x08000190     0xe04c
                0x08000190                . = ALIGN (0x4)
 *(.text)
 .text          0x08000190       0x40 d:/gnu arm embedded toolchain/10 2021.10/bin/../lib/gcc/arm-none-eabi/10.3.1/thumb/v7e-m+fp/hard/crtbegin.o
 .text          0x080001d0       0xa0 d:/gnu arm embedded toolchain/10 2021.10/bin/../lib/gcc/arm-none-eabi/10.3.1/../../../../arm-none-eabi/lib/thumb/v7e-m+fp/hard\libc_nano.a(lib_a-memchr.o)
                0x080001d0                memchr
 .text          0x08000270       0x30 d:/gnu arm embedded toolchain/10 2021.10/bin/../lib/gcc/arm-none-eabi/10.3.1/thumb/v7e-m+fp/hard\libgcc.a(_aeabi_uldivmod.o)
                0x08000270                __aeabi_uldivmod
 .text          0x080002a0      0x2d0 d:/gnu arm embedded toolchain/10 2021.10/bin/../lib/gcc/arm-none-eabi/10.3.1/thumb/v7e-m+fp/hard\libgcc.a(_udivmoddi4.o)
                0x080002a0                __udivmoddi4
 .text          0x08000570        0x4 d:/gnu arm embedded toolchain/10 2021.10/bin/../lib/gcc/arm-none-eabi/10.3.1/thumb/v7e-m+fp/hard\libgcc.a(_dvmd_tls.o)
                0x08000570                __aeabi_idiv0
                0x08000570                __aeabi_ldiv0
 *(.text*)
 .text.Error_Handler
                0x08000574        0x4 build/main.o
                0x08000574                Error_Handler
 .text.SystemClock_Config
                0x08000578       0xac build/main.o
                0x08000578                SystemClock_Config
 .text.main     0x08000624       0x80 build/main.o
                0x08000624                main
 .text.MX_GPIO_Init
                0x080006a4      0x1b0 build/gpio.o
                0x080006a4                MX_GPIO_Init
 .text.HAL_FSMC_MspInit
                0x08000854       0xb0 build/fsmc.o
 .text.MX_FSMC_Init
                0x08000904       0xc4 build/fsmc.o
                0x08000904                MX_FSMC_Init
 .text.HAL_SRAM_MspInit
                0x080009c8        0x8 build/fsmc.o
                0x080009c8                HAL_SRAM_MspInit
 .text.MX_SDIO_SD_Init
                0x080009d0       0x40 build/sdio.o
                0x080009d0                MX_SDIO_SD_Init
 .text.HAL_SD_MspInit
                0x08000a10      0x178 build/sdio.o
                0x08000a10                HAL_SD_MspInit
 .text.HAL_TIM_Base_MspInit
                0x08000b88       0x3c build/tim.o
                0x08000b88                HAL_TIM_Base_MspInit
 .text.HAL_TIM_MspPostInit
                0x08000bc4       0x58 build/tim.o
                0x08000bc4                HAL_TIM_MspPostInit
 .text.MX_TIM2_Init
                0x08000c1c       0xb0 build/tim.o
                0x08000c1c                MX_TIM2_Init
 .text.__io_putchar
                0x08000ccc       0x24 build/usart.o
                0x08000ccc                __io_putchar
 .text._write   0x08000cf0       0x1c build/usart.o
                0x08000cf0                _write
 .text.MX_USART1_UART_Init
                0x08000d0c       0x34 build/usart.o
                0x08000d0c                MX_USART1_UART_Init
 .text.HAL_UART_MspInit
                0x08000d40       0xcc build/usart.o
                0x08000d40                HAL_UART_MspInit
 .text.ini7606Paras
                0x08000e0c       0x18 build/ad7606.o
 .text.ad7606ini
                0x08000e24      0x1b8 build/ad7606.o
                0x08000e24                ad7606ini
 .text.get_AD7606
                0x08000fdc      0x120 build/ad7606.o
                0x08000fdc                get_AD7606
 .text.NoFFTClaculat
                0x080010fc      0x228 build/ad7606.o
                0x080010fc                NoFFTClaculat
 .text.ana_AD7606
                0x08001324       0xe0 build/ad7606.o
                0x08001324                ana_AD7606
 .text.NMI_Handler
                0x08001404        0x2 build/stm32f4xx_it.o
                0x08001404                NMI_Handler
 .text.HardFault_Handler
                0x08001406        0x2 build/stm32f4xx_it.o
                0x08001406                HardFault_Handler
 .text.MemManage_Handler
                0x08001408        0x2 build/stm32f4xx_it.o
                0x08001408                MemManage_Handler
 .text.BusFault_Handler
                0x0800140a        0x2 build/stm32f4xx_it.o
                0x0800140a                BusFault_Handler
 .text.UsageFault_Handler
                0x0800140c        0x2 build/stm32f4xx_it.o
                0x0800140c                UsageFault_Handler
 .text.SVC_Handler
                0x0800140e        0x2 build/stm32f4xx_it.o
                0x0800140e                SVC_Handler
 .text.DebugMon_Handler
                0x08001410        0x2 build/stm32f4xx_it.o
                0x08001410                DebugMon_Handler
 .text.PendSV_Handler
                0x08001412        0x2 build/stm32f4xx_it.o
                0x08001412                PendSV_Handler
 .text.SysTick_Handler
                0x08001414        0x8 build/stm32f4xx_it.o
                0x08001414                SysTick_Handler
 .text.RCC_IRQHandler
                0x0800141c        0x2 build/stm32f4xx_it.o
                0x0800141c                RCC_IRQHandler
 .text.EXTI9_5_IRQHandler
                0x0800141e       0x10 build/stm32f4xx_it.o
                0x0800141e                EXTI9_5_IRQHandler
 *fill*         0x0800142e        0x2 
 .text.TIM2_IRQHandler
                0x08001430       0x10 build/stm32f4xx_it.o
                0x08001430                TIM2_IRQHandler
 .text.USART1_IRQHandler
                0x08001440       0x10 build/stm32f4xx_it.o
                0x08001440                USART1_IRQHandler
 .text.SDIO_IRQHandler
                0x08001450       0x10 build/stm32f4xx_it.o
                0x08001450                SDIO_IRQHandler
 .text.DMA2_Stream0_IRQHandler
                0x08001460       0x10 build/stm32f4xx_it.o
                0x08001460                DMA2_Stream0_IRQHandler
 .text.DMA2_Stream3_IRQHandler
                0x08001470       0x10 build/stm32f4xx_it.o
                0x08001470                DMA2_Stream3_IRQHandler
 .text.ETH_IRQHandler
                0x08001480       0x10 build/stm32f4xx_it.o
                0x08001480                ETH_IRQHandler
 .text.DMA2_Stream6_IRQHandler
                0x08001490       0x10 build/stm32f4xx_it.o
                0x08001490                DMA2_Stream6_IRQHandler
 .text.DMA2_Stream7_IRQHandler
                0x080014a0       0x10 build/stm32f4xx_it.o
                0x080014a0                DMA2_Stream7_IRQHandler
 .text.FPU_IRQHandler
                0x080014b0        0x2 build/stm32f4xx_it.o
                0x080014b0                FPU_IRQHandler
 *fill*         0x080014b2        0x2 
 .text.HAL_MspInit
                0x080014b4       0x58 build/stm32f4xx_hal_msp.o
                0x080014b4                HAL_MspInit
 .text.FSMC_NORSRAM_Init
                0x0800150c       0x5c build/stm32f4xx_ll_fsmc.o
                0x0800150c                FSMC_NORSRAM_Init
 .text.FSMC_NORSRAM_Timing_Init
                0x08001568       0x44 build/stm32f4xx_ll_fsmc.o
                0x08001568                FSMC_NORSRAM_Timing_Init
 .text.FSMC_NORSRAM_Extended_Timing_Init
                0x080015ac       0x44 build/stm32f4xx_ll_fsmc.o
                0x080015ac                FSMC_NORSRAM_Extended_Timing_Init
 .text.HAL_RCC_OscConfig
                0x080015f0      0x3f8 build/stm32f4xx_hal_rcc.o
                0x080015f0                HAL_RCC_OscConfig
 .text.HAL_RCC_GetSysClockFreq
                0x080019e8       0xd4 build/stm32f4xx_hal_rcc.o
                0x080019e8                HAL_RCC_GetSysClockFreq
 .text.HAL_RCC_ClockConfig
                0x08001abc      0x160 build/stm32f4xx_hal_rcc.o
                0x08001abc                HAL_RCC_ClockConfig
 .text.HAL_RCC_GetHCLKFreq
                0x08001c1c        0xc build/stm32f4xx_hal_rcc.o
                0x08001c1c                HAL_RCC_GetHCLKFreq
 .text.HAL_RCC_GetPCLK1Freq
                0x08001c28       0x20 build/stm32f4xx_hal_rcc.o
                0x08001c28                HAL_RCC_GetPCLK1Freq
 .text.HAL_RCC_GetPCLK2Freq
                0x08001c48       0x20 build/stm32f4xx_hal_rcc.o
                0x08001c48                HAL_RCC_GetPCLK2Freq
 .text.HAL_RCCEx_PeriphCLKConfig
                0x08001c68      0x154 build/stm32f4xx_hal_rcc_ex.o
                0x08001c68                HAL_RCCEx_PeriphCLKConfig
 .text.HAL_GPIO_Init
                0x08001dbc      0x1e4 build/stm32f4xx_hal_gpio.o
                0x08001dbc                HAL_GPIO_Init
 .text.HAL_GPIO_WritePin
                0x08001fa0        0xc build/stm32f4xx_hal_gpio.o
                0x08001fa0                HAL_GPIO_WritePin
 .text.HAL_GPIO_EXTI_Callback
                0x08001fac        0x2 build/stm32f4xx_hal_gpio.o
                0x08001fac                HAL_GPIO_EXTI_Callback
 *fill*         0x08001fae        0x2 
 .text.HAL_GPIO_EXTI_IRQHandler
                0x08001fb0       0x1c build/stm32f4xx_hal_gpio.o
                0x08001fb0                HAL_GPIO_EXTI_IRQHandler
 .text.DMA_CalcBaseAndBitshift
                0x08001fcc       0x44 build/stm32f4xx_hal_dma.o
 .text.DMA_CheckFifoParam
                0x08002010       0x8e build/stm32f4xx_hal_dma.o
 *fill*         0x0800209e        0x2 
 .text.HAL_DMA_Init
                0x080020a0       0xcc build/stm32f4xx_hal_dma.o
                0x080020a0                HAL_DMA_Init
 .text.HAL_DMA_Abort
                0x0800216c       0x94 build/stm32f4xx_hal_dma.o
                0x0800216c                HAL_DMA_Abort
 .text.HAL_DMA_Abort_IT
                0x08002200       0x26 build/stm32f4xx_hal_dma.o
                0x08002200                HAL_DMA_Abort_IT
 *fill*         0x08002226        0x2 
 .text.HAL_DMA_IRQHandler
                0x08002228      0x1dc build/stm32f4xx_hal_dma.o
                0x08002228                HAL_DMA_IRQHandler
 .text.HAL_NVIC_SetPriorityGrouping
                0x08002404       0x24 build/stm32f4xx_hal_cortex.o
                0x08002404                HAL_NVIC_SetPriorityGrouping
 .text.HAL_NVIC_SetPriority
                0x08002428       0x70 build/stm32f4xx_hal_cortex.o
                0x08002428                HAL_NVIC_SetPriority
 .text.HAL_NVIC_EnableIRQ
                0x08002498       0x1c build/stm32f4xx_hal_cortex.o
                0x08002498                HAL_NVIC_EnableIRQ
 .text.HAL_SYSTICK_Config
                0x080024b4       0x28 build/stm32f4xx_hal_cortex.o
                0x080024b4                HAL_SYSTICK_Config
 .text.HAL_InitTick
                0x080024dc       0x4c build/stm32f4xx_hal.o
                0x080024dc                HAL_InitTick
 .text.HAL_Init
                0x08002528       0x34 build/stm32f4xx_hal.o
                0x08002528                HAL_Init
 .text.HAL_IncTick
                0x0800255c       0x18 build/stm32f4xx_hal.o
                0x0800255c                HAL_IncTick
 .text.HAL_GetTick
                0x08002574        0xc build/stm32f4xx_hal.o
                0x08002574                HAL_GetTick
 .text.HAL_Delay
                0x08002580       0x28 build/stm32f4xx_hal.o
                0x08002580                HAL_Delay
 .text.HAL_SRAM_Init
                0x080025a8       0x52 build/stm32f4xx_hal_sram.o
                0x080025a8                HAL_SRAM_Init
 *fill*         0x080025fa        0x2 
 .text.SDMMC_GetCmdError
                0x080025fc       0x38 build/stm32f4xx_ll_sdmmc.o
 .text.SDMMC_GetCmdResp2
                0x08002634       0x5c build/stm32f4xx_ll_sdmmc.o
 .text.SDMMC_GetCmdResp3
                0x08002690       0x4c build/stm32f4xx_ll_sdmmc.o
 .text.SDMMC_GetCmdResp7
                0x080026dc       0x64 build/stm32f4xx_ll_sdmmc.o
 .text.SDIO_Init
                0x08002740       0x32 build/stm32f4xx_ll_sdmmc.o
                0x08002740                SDIO_Init
 .text.SDIO_ReadFIFO
                0x08002772        0x6 build/stm32f4xx_ll_sdmmc.o
                0x08002772                SDIO_ReadFIFO
 .text.SDIO_WriteFIFO
                0x08002778        0xa build/stm32f4xx_ll_sdmmc.o
                0x08002778                SDIO_WriteFIFO
 .text.SDIO_PowerState_ON
                0x08002782       0x10 build/stm32f4xx_ll_sdmmc.o
                0x08002782                SDIO_PowerState_ON
 .text.SDIO_GetPowerState
                0x08002792        0x8 build/stm32f4xx_ll_sdmmc.o
                0x08002792                SDIO_GetPowerState
 .text.SDIO_SendCommand
                0x0800279a       0x24 build/stm32f4xx_ll_sdmmc.o
                0x0800279a                SDIO_SendCommand
 .text.SDIO_GetCommandResponse
                0x080027be        0x6 build/stm32f4xx_ll_sdmmc.o
                0x080027be                SDIO_GetCommandResponse
 .text.SDIO_GetResponse
                0x080027c4        0x6 build/stm32f4xx_ll_sdmmc.o
                0x080027c4                SDIO_GetResponse
 *fill*         0x080027ca        0x2 
 .text.SDMMC_GetCmdResp1
                0x080027cc      0x154 build/stm32f4xx_ll_sdmmc.o
 .text.SDMMC_GetCmdResp6
                0x08002920       0xa0 build/stm32f4xx_ll_sdmmc.o
 .text.SDIO_ConfigData
                0x080029c0       0x24 build/stm32f4xx_ll_sdmmc.o
                0x080029c0                SDIO_ConfigData
 .text.SDMMC_CmdBlockLength
                0x080029e4       0x30 build/stm32f4xx_ll_sdmmc.o
                0x080029e4                SDMMC_CmdBlockLength
 .text.SDMMC_CmdStopTransfer
                0x08002a14       0x34 build/stm32f4xx_ll_sdmmc.o
                0x08002a14                SDMMC_CmdStopTransfer
 .text.SDMMC_CmdSelDesel
                0x08002a48       0x30 build/stm32f4xx_ll_sdmmc.o
                0x08002a48                SDMMC_CmdSelDesel
 .text.SDMMC_CmdGoIdleState
                0x08002a78       0x26 build/stm32f4xx_ll_sdmmc.o
                0x08002a78                SDMMC_CmdGoIdleState
 .text.SDMMC_CmdOperCond
                0x08002a9e       0x2e build/stm32f4xx_ll_sdmmc.o
                0x08002a9e                SDMMC_CmdOperCond
 .text.SDMMC_CmdAppCommand
                0x08002acc       0x30 build/stm32f4xx_ll_sdmmc.o
                0x08002acc                SDMMC_CmdAppCommand
 .text.SDMMC_CmdAppOperCommand
                0x08002afc       0x32 build/stm32f4xx_ll_sdmmc.o
                0x08002afc                SDMMC_CmdAppOperCommand
 .text.SDMMC_CmdBusWidth
                0x08002b2e       0x30 build/stm32f4xx_ll_sdmmc.o
                0x08002b2e                SDMMC_CmdBusWidth
 .text.SDMMC_CmdSendSCR
                0x08002b5e       0x30 build/stm32f4xx_ll_sdmmc.o
                0x08002b5e                SDMMC_CmdSendSCR
 .text.SDMMC_CmdSendCID
                0x08002b8e       0x2a build/stm32f4xx_ll_sdmmc.o
                0x08002b8e                SDMMC_CmdSendCID
 .text.SDMMC_CmdSendCSD
                0x08002bb8       0x2a build/stm32f4xx_ll_sdmmc.o
                0x08002bb8                SDMMC_CmdSendCSD
 .text.SDMMC_CmdSetRelAdd
                0x08002be2       0x30 build/stm32f4xx_ll_sdmmc.o
                0x08002be2                SDMMC_CmdSetRelAdd
 .text.SDMMC_CmdSendStatus
                0x08002c12       0x30 build/stm32f4xx_ll_sdmmc.o
                0x08002c12                SDMMC_CmdSendStatus
 *fill*         0x08002c42        0x2 
 .text.SD_PowerON
                0x08002c44       0xc0 build/stm32f4xx_hal_sd.o
 .text.SD_Read_IT
                0x08002d04       0x38 build/stm32f4xx_hal_sd.o
 .text.SD_Write_IT
                0x08002d3c       0x48 build/stm32f4xx_hal_sd.o
 .text.SD_FindSCR
                0x08002d84      0x100 build/stm32f4xx_hal_sd.o
 .text.SD_WideBus_Enable
                0x08002e84       0x4e build/stm32f4xx_hal_sd.o
 .text.SD_WideBus_Disable
                0x08002ed2       0x4e build/stm32f4xx_hal_sd.o
 .text.SD_SendStatus
                0x08002f20       0x2c build/stm32f4xx_hal_sd.o
 .text.HAL_SD_TxCpltCallback
                0x08002f4c        0x2 build/stm32f4xx_hal_sd.o
                0x08002f4c                HAL_SD_TxCpltCallback
 .text.HAL_SD_RxCpltCallback
                0x08002f4e        0x2 build/stm32f4xx_hal_sd.o
                0x08002f4e                HAL_SD_RxCpltCallback
 .text.HAL_SD_ErrorCallback
                0x08002f50        0x2 build/stm32f4xx_hal_sd.o
                0x08002f50                HAL_SD_ErrorCallback
 .text.HAL_SD_AbortCallback
                0x08002f52        0x2 build/stm32f4xx_hal_sd.o
                0x08002f52                HAL_SD_AbortCallback
 .text.HAL_SD_GetCardCSD
                0x08002f54      0x1b8 build/stm32f4xx_hal_sd.o
                0x08002f54                HAL_SD_GetCardCSD
 .text.SD_InitCard
                0x0800310c      0x100 build/stm32f4xx_hal_sd.o
 .text.HAL_SD_InitCard
                0x0800320c       0xa0 build/stm32f4xx_hal_sd.o
                0x0800320c                HAL_SD_InitCard
 .text.HAL_SD_Init
                0x080032ac       0x36 build/stm32f4xx_hal_sd.o
                0x080032ac                HAL_SD_Init
 *fill*         0x080032e2        0x2 
 .text.HAL_SD_ConfigWideBusOperation
                0x080032e4       0xc0 build/stm32f4xx_hal_sd.o
                0x080032e4                HAL_SD_ConfigWideBusOperation
 .text.HAL_SD_GetCardState
                0x080033a4       0x22 build/stm32f4xx_hal_sd.o
                0x080033a4                HAL_SD_GetCardState
 .text.SD_DMATxAbort
                0x080033c6       0x44 build/stm32f4xx_hal_sd.o
 .text.SD_DMARxAbort
                0x0800340a       0x44 build/stm32f4xx_hal_sd.o
 *fill*         0x0800344e        0x2 
 .text.HAL_SD_IRQHandler
                0x08003450      0x1e0 build/stm32f4xx_hal_sd.o
                0x08003450                HAL_SD_IRQHandler
 .text.TIM_OC1_SetConfig
                0x08003630       0x68 build/stm32f4xx_hal_tim.o
 .text.TIM_OC3_SetConfig
                0x08003698       0x70 build/stm32f4xx_hal_tim.o
 .text.TIM_OC4_SetConfig
                0x08003708       0x50 build/stm32f4xx_hal_tim.o
 .text.TIM_TI1_ConfigInputStage
                0x08003758       0x26 build/stm32f4xx_hal_tim.o
 .text.TIM_TI2_ConfigInputStage
                0x0800377e       0x28 build/stm32f4xx_hal_tim.o
 .text.TIM_ITRx_SetConfig
                0x080037a6       0x10 build/stm32f4xx_hal_tim.o
 .text.HAL_TIM_PWM_MspInit
                0x080037b6        0x2 build/stm32f4xx_hal_tim.o
                0x080037b6                HAL_TIM_PWM_MspInit
 .text.HAL_TIM_PeriodElapsedCallback
                0x080037b8        0x2 build/stm32f4xx_hal_tim.o
                0x080037b8                HAL_TIM_PeriodElapsedCallback
 .text.HAL_TIM_OC_DelayElapsedCallback
                0x080037ba        0x2 build/stm32f4xx_hal_tim.o
                0x080037ba                HAL_TIM_OC_DelayElapsedCallback
 .text.HAL_TIM_IC_CaptureCallback
                0x080037bc        0x2 build/stm32f4xx_hal_tim.o
                0x080037bc                HAL_TIM_IC_CaptureCallback
 .text.HAL_TIM_PWM_PulseFinishedCallback
                0x080037be        0x2 build/stm32f4xx_hal_tim.o
                0x080037be                HAL_TIM_PWM_PulseFinishedCallback
 .text.HAL_TIM_TriggerCallback
                0x080037c0        0x2 build/stm32f4xx_hal_tim.o
                0x080037c0                HAL_TIM_TriggerCallback
 .text.HAL_TIM_IRQHandler
                0x080037c2      0x17a build/stm32f4xx_hal_tim.o
                0x080037c2                HAL_TIM_IRQHandler
 .text.TIM_Base_SetConfig
                0x0800393c       0xc8 build/stm32f4xx_hal_tim.o
                0x0800393c                TIM_Base_SetConfig
 .text.HAL_TIM_Base_Init
                0x08003a04       0x58 build/stm32f4xx_hal_tim.o
                0x08003a04                HAL_TIM_Base_Init
 .text.HAL_TIM_PWM_Init
                0x08003a5c       0x58 build/stm32f4xx_hal_tim.o
                0x08003a5c                HAL_TIM_PWM_Init
 .text.TIM_OC2_SetConfig
                0x08003ab4       0x70 build/stm32f4xx_hal_tim.o
                0x08003ab4                TIM_OC2_SetConfig
 .text.HAL_TIM_PWM_ConfigChannel
                0x08003b24       0xdc build/stm32f4xx_hal_tim.o
                0x08003b24                HAL_TIM_PWM_ConfigChannel
 .text.TIM_ETR_SetConfig
                0x08003c00       0x1a build/stm32f4xx_hal_tim.o
                0x08003c00                TIM_ETR_SetConfig
 .text.HAL_TIM_ConfigClockSource
                0x08003c1a       0xfe build/stm32f4xx_hal_tim.o
                0x08003c1a                HAL_TIM_ConfigClockSource
 .text.TIM_CCxChannelCmd
                0x08003d18       0x1e build/stm32f4xx_hal_tim.o
                0x08003d18                TIM_CCxChannelCmd
 *fill*         0x08003d36        0x2 
 .text.HAL_TIM_PWM_Start
                0x08003d38      0x104 build/stm32f4xx_hal_tim.o
                0x08003d38                HAL_TIM_PWM_Start
 .text.HAL_TIMEx_MasterConfigSynchronization
                0x08003e3c       0x8c build/stm32f4xx_hal_tim_ex.o
                0x08003e3c                HAL_TIMEx_MasterConfigSynchronization
 .text.HAL_TIMEx_CommutCallback
                0x08003ec8        0x2 build/stm32f4xx_hal_tim_ex.o
                0x08003ec8                HAL_TIMEx_CommutCallback
 .text.HAL_TIMEx_BreakCallback
                0x08003eca        0x2 build/stm32f4xx_hal_tim_ex.o
                0x08003eca                HAL_TIMEx_BreakCallback
 .text.UART_EndRxTransfer
                0x08003ecc       0x5c build/stm32f4xx_hal_uart.o
 .text.UART_Transmit_IT
                0x08003f28       0x60 build/stm32f4xx_hal_uart.o
 .text.UART_SetConfig
                0x08003f88      0x110 build/stm32f4xx_hal_uart.o
 .text.UART_WaitOnFlagUntilTimeout
                0x08004098       0x88 build/stm32f4xx_hal_uart.o
 .text.HAL_UART_Init
                0x08004120       0x5e build/stm32f4xx_hal_uart.o
                0x08004120                HAL_UART_Init
 .text.HAL_UART_Transmit
                0x0800417e       0xd8 build/stm32f4xx_hal_uart.o
                0x0800417e                HAL_UART_Transmit
 .text.HAL_UART_TxCpltCallback
                0x08004256        0x2 build/stm32f4xx_hal_uart.o
                0x08004256                HAL_UART_TxCpltCallback
 .text.UART_EndTransmit_IT
                0x08004258       0x1a build/stm32f4xx_hal_uart.o
 .text.HAL_UART_RxCpltCallback
                0x08004272        0x2 build/stm32f4xx_hal_uart.o
                0x08004272                HAL_UART_RxCpltCallback
 .text.HAL_UART_ErrorCallback
                0x08004274        0x2 build/stm32f4xx_hal_uart.o
                0x08004274                HAL_UART_ErrorCallback
 .text.UART_DMAAbortOnError
                0x08004276       0x10 build/stm32f4xx_hal_uart.o
 .text.HAL_UARTEx_RxEventCallback
                0x08004286        0x2 build/stm32f4xx_hal_uart.o
                0x08004286                HAL_UARTEx_RxEventCallback
 .text.UART_Receive_IT
                0x08004288       0xe2 build/stm32f4xx_hal_uart.o
 *fill*         0x0800436a        0x2 
 .text.HAL_UART_IRQHandler
                0x0800436c      0x280 build/stm32f4xx_hal_uart.o
                0x0800436c                HAL_UART_IRQHandler
 .text.SystemInit
                0x080045ec       0x14 build/system_stm32f4xx.o
                0x080045ec                SystemInit
 .text.MX_RTC_Init
                0x08004600       0xb0 build/rtc.o
                0x08004600                MX_RTC_Init
 .text.HAL_RTC_MspInit
                0x080046b0       0x48 build/rtc.o
                0x080046b0                HAL_RTC_MspInit
 .text.HAL_RTC_WaitForSynchro
                0x080046f8       0x32 build/stm32f4xx_hal_rtc.o
                0x080046f8                HAL_RTC_WaitForSynchro
 .text.RTC_EnterInitMode
                0x0800472a       0x3c build/stm32f4xx_hal_rtc.o
                0x0800472a                RTC_EnterInitMode
 .text.HAL_RTC_Init
                0x08004766       0xc4 build/stm32f4xx_hal_rtc.o
                0x08004766                HAL_RTC_Init
 .text.RTC_ByteToBcd2
                0x0800482a       0x16 build/stm32f4xx_hal_rtc.o
                0x0800482a                RTC_ByteToBcd2
 .text.HAL_RTC_SetTime
                0x08004840       0xfe build/stm32f4xx_hal_rtc.o
                0x08004840                HAL_RTC_SetTime
 .text.HAL_RTC_SetDate
                0x0800493e       0xda build/stm32f4xx_hal_rtc.o
                0x0800493e                HAL_RTC_SetDate
 .text.RTC_Bcd2ToByte
                0x08004a18       0x12 build/stm32f4xx_hal_rtc.o
                0x08004a18                RTC_Bcd2ToByte
 .text.HAL_RTC_GetTime
                0x08004a2a       0x50 build/stm32f4xx_hal_rtc.o
                0x08004a2a                HAL_RTC_GetTime
 .text.HAL_RTC_GetDate
                0x08004a7a       0x3c build/stm32f4xx_hal_rtc.o
                0x08004a7a                HAL_RTC_GetDate
 .text.HAL_RTCEx_BKUPWrite
                0x08004ab6        0xa build/stm32f4xx_hal_rtc_ex.o
                0x08004ab6                HAL_RTCEx_BKUPWrite
 .text.HAL_RTCEx_BKUPRead
                0x08004ac0        0xa build/stm32f4xx_hal_rtc_ex.o
                0x08004ac0                HAL_RTCEx_BKUPRead
 *fill*         0x08004aca        0x2 
 .text.MX_DMA_Init
                0x08004acc       0xb0 build/dma.o
                0x08004acc                MX_DMA_Init
 .text.low_level_input
                0x08004b7c       0xd4 build/ethernetif.o
 .text.low_level_output
                0x08004c50       0xb8 build/ethernetif.o
 .text.low_level_init
                0x08004d08       0xd8 build/ethernetif.o
 .text.HAL_ETH_MspInit
                0x08004de0      0x100 build/ethernetif.o
                0x08004de0                HAL_ETH_MspInit
 .text.ethernetif_input
                0x08004ee0       0x1e build/ethernetif.o
                0x08004ee0                ethernetif_input
 *fill*         0x08004efe        0x2 
 .text.ethernetif_init
                0x08004f00       0x48 build/ethernetif.o
                0x08004f00                ethernetif_init
 .text.sys_now  0x08004f48        0x8 build/ethernetif.o
                0x08004f48                sys_now
 .text.ethernetif_set_link
                0x08004f50       0x64 build/ethernetif.o
                0x08004f50                ethernetif_set_link
 .text.ethernetif_notify_conn_changed
                0x08004fb4        0x2 build/ethernetif.o
                0x08004fb4                ethernetif_notify_conn_changed
 *fill*         0x08004fb6        0x2 
 .text.ethernetif_update_config
                0x08004fb8       0xc8 build/ethernetif.o
                0x08004fb8                ethernetif_update_config
 .text.tcp_client_connected
                0x08005080       0x20 build/lwip.o
 .text.TCP_Client_Init
                0x080050a0       0x8c build/lwip.o
                0x080050a0                TCP_Client_Init
 .text.tcp_client_error
                0x0800512c       0x3c build/lwip.o
 .text.tcp_client_recv
                0x08005168       0x4c build/lwip.o
 .text.LWIP_Send_data
                0x080051b4       0x20 build/lwip.o
                0x080051b4                LWIP_Send_data
 .text.MX_LWIP_Init
                0x080051d4      0x124 build/lwip.o
                0x080051d4                MX_LWIP_Init
 .text.MX_LWIP_Process
                0x080052f8       0x1c build/lwip.o
                0x080052f8                MX_LWIP_Process
 .text.ETH_MACAddressConfig
                0x08005314       0x30 build/stm32f4xx_hal_eth.o
 .text.ETH_DMATransmissionEnable
                0x08005344       0x10 build/stm32f4xx_hal_eth.o
 .text.ETH_DMATransmissionDisable
                0x08005354       0x10 build/stm32f4xx_hal_eth.o
 .text.ETH_DMAReceptionEnable
                0x08005364       0x10 build/stm32f4xx_hal_eth.o
 .text.ETH_DMAReceptionDisable
                0x08005374       0x10 build/stm32f4xx_hal_eth.o
 .text.ETH_Delay
                0x08005384       0x2c build/stm32f4xx_hal_eth.o
 .text.ETH_MACTransmissionEnable
                0x080053b0       0x2a build/stm32f4xx_hal_eth.o
 .text.ETH_MACReceptionEnable
                0x080053da       0x2a build/stm32f4xx_hal_eth.o
 .text.ETH_FlushTransmitFIFO
                0x08005404       0x36 build/stm32f4xx_hal_eth.o
 .text.ETH_MACReceptionDisable
                0x0800543a       0x2a build/stm32f4xx_hal_eth.o
 .text.ETH_MACTransmissionDisable
                0x08005464       0x2a build/stm32f4xx_hal_eth.o
 *fill*         0x0800548e        0x2 
 .text.ETH_MACDMAConfig
                0x08005490      0x19c build/stm32f4xx_hal_eth.o
 .text.HAL_ETH_DMATxDescListInit
                0x0800562c       0x80 build/stm32f4xx_hal_eth.o
                0x0800562c                HAL_ETH_DMATxDescListInit
 .text.HAL_ETH_DMARxDescListInit
                0x080056ac       0x7c build/stm32f4xx_hal_eth.o
                0x080056ac                HAL_ETH_DMARxDescListInit
 .text.HAL_ETH_TransmitFrame
                0x08005728      0x12c build/stm32f4xx_hal_eth.o
                0x08005728                HAL_ETH_TransmitFrame
 .text.HAL_ETH_GetReceivedFrame
                0x08005854       0x8e build/stm32f4xx_hal_eth.o
                0x08005854                HAL_ETH_GetReceivedFrame
 .text.HAL_ETH_TxCpltCallback
                0x080058e2        0x2 build/stm32f4xx_hal_eth.o
                0x080058e2                HAL_ETH_TxCpltCallback
 .text.HAL_ETH_RxCpltCallback
                0x080058e4        0x2 build/stm32f4xx_hal_eth.o
                0x080058e4                HAL_ETH_RxCpltCallback
 .text.HAL_ETH_ErrorCallback
                0x080058e6        0x2 build/stm32f4xx_hal_eth.o
                0x080058e6                HAL_ETH_ErrorCallback
 .text.HAL_ETH_IRQHandler
                0x080058e8       0x90 build/stm32f4xx_hal_eth.o
                0x080058e8                HAL_ETH_IRQHandler
 .text.HAL_ETH_ReadPHYRegister
                0x08005978       0x78 build/stm32f4xx_hal_eth.o
                0x08005978                HAL_ETH_ReadPHYRegister
 .text.HAL_ETH_WritePHYRegister
                0x080059f0       0x74 build/stm32f4xx_hal_eth.o
                0x080059f0                HAL_ETH_WritePHYRegister
 .text.HAL_ETH_Init
                0x08005a64      0x258 build/stm32f4xx_hal_eth.o
                0x08005a64                HAL_ETH_Init
 .text.HAL_ETH_Start
                0x08005cbc       0x44 build/stm32f4xx_hal_eth.o
                0x08005cbc                HAL_ETH_Start
 .text.HAL_ETH_Stop
                0x08005d00       0x44 build/stm32f4xx_hal_eth.o
                0x08005d00                HAL_ETH_Stop
 .text.HAL_ETH_ConfigMAC
                0x08005d44      0x130 build/stm32f4xx_hal_eth.o
                0x08005d44                HAL_ETH_ConfigMAC
 .text.ethernet_input
                0x08005e74       0xa8 build/ethernet.o
                0x08005e74                ethernet_input
 .text.ethernet_output
                0x08005f1c       0x70 build/ethernet.o
                0x08005f1c                ethernet_output
 .text.lwip_htons
                0x08005f8c        0xa build/def.o
                0x08005f8c                lwip_htons
 .text.lwip_htonl
                0x08005f96       0x18 build/def.o
                0x08005f96                lwip_htonl
 .text.lwip_init
                0x08005fae       0x1c build/init.o
                0x08005fae                lwip_init
 *fill*         0x08005fca        0x2 
 .text.ptr_to_mem
                0x08005fcc        0xc build/mem.o
 .text.mem_to_ptr
                0x08005fd8       0x10 build/mem.o
 .text.mem_link_valid
                0x08005fe8       0x5c build/mem.o
 .text.plug_holes
                0x08006044      0x100 build/mem.o
 .text.mem_init
                0x08006144       0x40 build/mem.o
                0x08006144                mem_init
 .text.mem_free
                0x08006184       0xb4 build/mem.o
                0x08006184                mem_free
 .text.mem_trim
                0x08006238      0x17c build/mem.o
                0x08006238                mem_trim
 .text.mem_malloc
                0x080063b4      0x168 build/mem.o
                0x080063b4                mem_malloc
 .text.do_memp_malloc_pool
                0x0800651c       0x34 build/memp.o
 .text.do_memp_free_pool
                0x08006550       0x34 build/memp.o
 .text.memp_init_pool
                0x08006584       0x28 build/memp.o
                0x08006584                memp_init_pool
 .text.memp_init
                0x080065ac       0x20 build/memp.o
                0x080065ac                memp_init
 .text.memp_malloc
                0x080065cc       0x34 build/memp.o
                0x080065cc                memp_malloc
 .text.memp_free
                0x08006600       0x34 build/memp.o
                0x08006600                memp_free
 .text.netif_do_set_netmask
                0x08006634       0x18 build/netif.o
 .text.netif_do_set_gw
                0x0800664c       0x18 build/netif.o
 .text.netif_null_output_ip4
                0x08006664        0x6 build/netif.o
 .text.netif_do_ip_addr_changed
                0x0800666a       0x14 build/netif.o
 *fill*         0x0800667e        0x2 
 .text.netif_issue_reports
                0x08006680       0x4c build/netif.o
 .text.netif_do_set_ipaddr
                0x080066cc       0x6c build/netif.o
 .text.netif_init
                0x08006738        0x2 build/netif.o
                0x08006738                netif_init
 *fill*         0x0800673a        0x2 
 .text.netif_set_addr
                0x0800673c       0x6c build/netif.o
                0x0800673c                netif_set_addr
 .text.netif_add
                0x080067a8      0x124 build/netif.o
                0x080067a8                netif_add
 .text.netif_set_default
                0x080068cc        0xc build/netif.o
                0x080068cc                netif_set_default
 .text.netif_set_up
                0x080068d8       0x3c build/netif.o
                0x080068d8                netif_set_up
 .text.netif_set_down
                0x08006914       0x40 build/netif.o
                0x08006914                netif_set_down
 .text.netif_set_link_up
                0x08006954       0x48 build/netif.o
                0x08006954                netif_set_link_up
 .text.netif_set_link_down
                0x0800699c       0x3c build/netif.o
                0x0800699c                netif_set_link_down
 .text.netif_set_link_callback
                0x080069d8        0x6 build/netif.o
                0x080069d8                netif_set_link_callback
 *fill*         0x080069de        0x2 
 .text.netif_get_by_index
                0x080069e0       0x24 build/netif.o
                0x080069e0                netif_get_by_index
 .text.pbuf_pool_is_empty
                0x08006a04        0xc build/pbuf.o
 .text.pbuf_init_alloced_pbuf
                0x08006a10       0x24 build/pbuf.o
 .text.pbuf_add_header_impl
                0x08006a34       0x7c build/pbuf.o
 .text.pbuf_free_ooseq
                0x08006ab0       0x28 build/pbuf.o
                0x08006ab0                pbuf_free_ooseq
 .text.pbuf_alloc_reference
                0x08006ad8       0x50 build/pbuf.o
                0x08006ad8                pbuf_alloc_reference
 .text.pbuf_alloced_custom
                0x08006b28       0x3e build/pbuf.o
                0x08006b28                pbuf_alloced_custom
 .text.pbuf_add_header
                0x08006b66        0xa build/pbuf.o
                0x08006b66                pbuf_add_header
 .text.pbuf_remove_header
                0x08006b70       0x6c build/pbuf.o
                0x08006b70                pbuf_remove_header
 .text.pbuf_header_impl
                0x08006bdc       0x14 build/pbuf.o
 .text.pbuf_header_force
                0x08006bf0        0xa build/pbuf.o
                0x08006bf0                pbuf_header_force
 *fill*         0x08006bfa        0x2 
 .text.pbuf_free
                0x08006bfc       0xc4 build/pbuf.o
                0x08006bfc                pbuf_free
 .text.pbuf_alloc
                0x08006cc0      0x160 build/pbuf.o
                0x08006cc0                pbuf_alloc
 .text.pbuf_realloc
                0x08006e20       0xa8 build/pbuf.o
                0x08006e20                pbuf_realloc
 .text.pbuf_clen
                0x08006ec8       0x12 build/pbuf.o
                0x08006ec8                pbuf_clen
 *fill*         0x08006eda        0x2 
 .text.pbuf_ref
                0x08006edc       0x30 build/pbuf.o
                0x08006edc                pbuf_ref
 .text.pbuf_cat
                0x08006f0c       0x74 build/pbuf.o
                0x08006f0c                pbuf_cat
 .text.pbuf_copy
                0x08006f80      0x120 build/pbuf.o
                0x08006f80                pbuf_copy
 .text.pbuf_copy_partial
                0x080070a0       0x94 build/pbuf.o
                0x080070a0                pbuf_copy_partial
 .text.pbuf_clone
                0x08007134       0x38 build/pbuf.o
                0x08007134                pbuf_clone
 .text.tcp_new_port
                0x0800716c       0x68 build/tcp.o
 .text.tcp_remove_listener
                0x080071d4       0x34 build/tcp.o
 .text.tcp_listen_closed
                0x08007208       0x5c build/tcp.o
 .text.tcp_free_listen
                0x08007264       0x30 build/tcp.o
 .text.tcp_close_shutdown_fin
                0x08007294       0x84 build/tcp.o
 .text.tcp_handle_closepend
                0x08007318       0x2c build/tcp.o
 .text.tcp_init
                0x08007344       0x18 build/tcp.o
                0x08007344                tcp_init
 .text.tcp_free
                0x0800735c       0x30 build/tcp.o
                0x0800735c                tcp_free
 .text.tcp_update_rcv_ann_wnd
                0x0800738c       0x78 build/tcp.o
                0x0800738c                tcp_update_rcv_ann_wnd
 .text.tcp_recved
                0x08007404       0x7c build/tcp.o
                0x08007404                tcp_recved
 .text.tcp_seg_free
                0x08007480       0x1a build/tcp.o
                0x08007480                tcp_seg_free
 .text.tcp_segs_free
                0x0800749a       0x14 build/tcp.o
                0x0800749a                tcp_segs_free
 *fill*         0x080074ae        0x2 
 .text.tcp_seg_copy
                0x080074b0       0x48 build/tcp.o
                0x080074b0                tcp_seg_copy
 .text.tcp_recv
                0x080074f8       0x34 build/tcp.o
                0x080074f8                tcp_recv
 .text.tcp_err  0x0800752c       0x34 build/tcp.o
                0x0800752c                tcp_err
 .text.tcp_next_iss
                0x08007560       0x38 build/tcp.o
                0x08007560                tcp_next_iss
 .text.tcp_eff_send_mss_netif
                0x08007598       0x40 build/tcp.o
                0x08007598                tcp_eff_send_mss_netif
 .text.tcp_connect
                0x080075d8      0x154 build/tcp.o
                0x080075d8                tcp_connect
 .text.tcp_free_ooseq
                0x0800772c       0x12 build/tcp.o
                0x0800772c                tcp_free_ooseq
 *fill*         0x0800773e        0x2 
 .text.tcp_pcb_purge
                0x08007740       0x64 build/tcp.o
                0x08007740                tcp_pcb_purge
 .text.tcp_pcb_remove
                0x080077a4       0xd0 build/tcp.o
                0x080077a4                tcp_pcb_remove
 .text.tcp_abandon
                0x08007874      0x10c build/tcp.o
                0x08007874                tcp_abandon
 .text.tcp_abort
                0x08007980        0xa build/tcp.o
                0x08007980                tcp_abort
 *fill*         0x0800798a        0x2 
 .text.tcp_kill_timewait
                0x0800798c       0x34 build/tcp.o
 .text.tcp_kill_prio
                0x080079c0       0x58 build/tcp.o
 .text.tcp_netif_ip_addr_changed_pcblist
                0x08007a18       0x40 build/tcp.o
 .text.tcp_netif_ip_addr_changed
                0x08007a58       0x54 build/tcp.o
                0x08007a58                tcp_netif_ip_addr_changed
 .text.tcp_kill_state
                0x08007aac       0x64 build/tcp.o
 .text.tcp_alloc
                0x08007b10       0xc4 build/tcp.o
                0x08007b10                tcp_alloc
 .text.tcp_new  0x08007bd4        0xa build/tcp.o
                0x08007bd4                tcp_new
 *fill*         0x08007bde        0x2 
 .text.tcp_close_shutdown
                0x08007be0      0x14c build/tcp.o
 .text.tcp_close
                0x08007d2c       0x40 build/tcp.o
                0x08007d2c                tcp_close
 .text.tcp_recv_null
                0x08007d6c       0x48 build/tcp.o
                0x08007d6c                tcp_recv_null
 .text.tcp_process_refused_data
                0x08007db4       0x90 build/tcp.o
                0x08007db4                tcp_process_refused_data
 .text.tcp_fasttmr
                0x08007e44       0x80 build/tcp.o
                0x08007e44                tcp_fasttmr
 .text.tcp_slowtmr
                0x08007ec4      0x4ac build/tcp.o
                0x08007ec4                tcp_slowtmr
 .text.tcp_tmr  0x08008370       0x24 build/tcp.o
                0x08008370                tcp_tmr
 .text.tcp_get_next_optbyte
                0x08008394       0x3c build/tcp_in.o
 .text.tcp_parseopt
                0x080083d0       0xa4 build/tcp_in.o
 .text.tcp_input_delayed_close
                0x08008474       0x60 build/tcp_in.o
 .text.tcp_timewait_input
                0x080084d4       0xb8 build/tcp_in.o
 .text.tcp_listen_input
                0x0800858c      0x150 build/tcp_in.o
 .text.tcp_free_acked_segments
                0x080086dc       0xc0 build/tcp_in.o
 .text.tcp_oos_insert_segment
                0x0800879c       0xa8 build/tcp_in.o
 .text.tcp_receive
                0x08008844      0x948 build/tcp_in.o
 .text.tcp_process
                0x0800918c      0x584 build/tcp_in.o
 .text.tcp_input
                0x08009710      0x5a4 build/tcp_in.o
                0x08009710                tcp_input
 .text.tcp_trigger_input_pcb_close
                0x08009cb4       0x10 build/tcp_in.o
                0x08009cb4                tcp_trigger_input_pcb_close
 .text.tcp_write_checks
                0x08009cc4       0xbc build/tcp_out.o
 .text.tcp_output_segment_busy
                0x08009d80       0x34 build/tcp_out.o
 .text.tcp_output_fill_options
                0x08009db4       0x4c build/tcp_out.o
 .text.tcp_pbuf_prealloc
                0x08009e00       0xbc build/tcp_out.o
 .text.tcp_create_segment
                0x08009ebc       0xe8 build/tcp_out.o
 .text.tcp_output_alloc_header_common
                0x08009fa4       0x98 build/tcp_out.o
 .text.tcp_output_alloc_header
                0x0800a03c       0x54 build/tcp_out.o
 .text.tcp_route
                0x0800a090       0x16 build/tcp_out.o
 *fill*         0x0800a0a6        0x2 
 .text.tcp_output_segment
                0x0800a0a8      0x13c build/tcp_out.o
 .text.tcp_output_control_segment
                0x0800a1e4       0x6c build/tcp_out.o
 .text.tcp_write
                0x0800a250      0x574 build/tcp_out.o
                0x0800a250                tcp_write
 .text.tcp_split_unsent_seg
                0x0800a7c4      0x1b8 build/tcp_out.o
                0x0800a7c4                tcp_split_unsent_seg
 .text.tcp_enqueue_flags
                0x0800a97c      0x160 build/tcp_out.o
                0x0800a97c                tcp_enqueue_flags
 .text.tcp_send_fin
                0x0800aadc       0x64 build/tcp_out.o
                0x0800aadc                tcp_send_fin
 .text.tcp_rexmit_rto_prepare
                0x0800ab40       0x94 build/tcp_out.o
                0x0800ab40                tcp_rexmit_rto_prepare
 .text.tcp_rexmit
                0x0800abd4       0x88 build/tcp_out.o
                0x0800abd4                tcp_rexmit
 .text.tcp_rexmit_fast
                0x0800ac5c       0x78 build/tcp_out.o
                0x0800ac5c                tcp_rexmit_fast
 .text.tcp_rst  0x0800acd4       0x90 build/tcp_out.o
                0x0800acd4                tcp_rst
 .text.tcp_send_empty_ack
                0x0800ad64       0x74 build/tcp_out.o
                0x0800ad64                tcp_send_empty_ack
 .text.tcp_output
                0x0800add8      0x2ac build/tcp_out.o
                0x0800add8                tcp_output
 .text.tcp_rexmit_rto_commit
                0x0800b084       0x38 build/tcp_out.o
                0x0800b084                tcp_rexmit_rto_commit
 .text.tcp_rexmit_rto
                0x0800b0bc       0x34 build/tcp_out.o
                0x0800b0bc                tcp_rexmit_rto
 .text.tcp_keepalive
                0x0800b0f0       0x5c build/tcp_out.o
                0x0800b0f0                tcp_keepalive
 .text.tcp_zero_window_probe
                0x0800b14c       0xdc build/tcp_out.o
                0x0800b14c                tcp_zero_window_probe
 .text.sys_timeout_abs
                0x0800b228       0x70 build/timeouts.o
 .text.lwip_cyclic_timer
                0x0800b298       0x40 build/timeouts.o
 .text.sys_timeout
                0x0800b2d8       0x3c build/timeouts.o
                0x0800b2d8                sys_timeout
 .text.tcp_timer_needed
                0x0800b314       0x3c build/timeouts.o
                0x0800b314                tcp_timer_needed
 .text.tcpip_tcp_timer
                0x0800b350       0x38 build/timeouts.o
 .text.sys_timeouts_init
                0x0800b388       0x28 build/timeouts.o
                0x0800b388                sys_timeouts_init
 .text.sys_check_timeouts
                0x0800b3b0       0x50 build/timeouts.o
                0x0800b3b0                sys_check_timeouts
 .text.udp_input_local_match
                0x0800b400       0xa0 build/udp.o
 .text.udp_init
                0x0800b4a0       0x18 build/udp.o
                0x0800b4a0                udp_init
 .text.udp_input
                0x0800b4b8      0x184 build/udp.o
                0x0800b4b8                udp_input
 .text.udp_netif_ip_addr_changed
                0x0800b63c       0x38 build/udp.o
                0x0800b63c                udp_netif_ip_addr_changed
 .text.etharp_free_entry
                0x0800b674       0x34 build/etharp.o
 .text.etharp_find_entry
                0x0800b6a8      0x1c4 build/etharp.o
 .text.etharp_update_arp_entry
                0x0800b86c       0xc4 build/etharp.o
 .text.etharp_raw
                0x0800b930       0xe8 build/etharp.o
 .text.etharp_request_dst
                0x0800ba18       0x24 build/etharp.o
 .text.etharp_cleanup_netif
                0x0800ba3c       0x3c build/etharp.o
                0x0800ba3c                etharp_cleanup_netif
 .text.etharp_input
                0x0800ba78       0xb8 build/etharp.o
                0x0800ba78                etharp_input
 .text.etharp_request
                0x0800bb30       0x10 build/etharp.o
                0x0800bb30                etharp_request
 .text.etharp_tmr
                0x0800bb40       0x88 build/etharp.o
                0x0800bb40                etharp_tmr
 .text.etharp_output_to_arp_index
                0x0800bbc8       0xdc build/etharp.o
 .text.etharp_query
                0x0800bca4      0x1b4 build/etharp.o
                0x0800bca4                etharp_query
 .text.etharp_output
                0x0800be58      0x168 build/etharp.o
                0x0800be58                etharp_output
 .text.icmp_send_response
                0x0800bfc0       0xa8 build/icmp.o
 .text.icmp_input
                0x0800c068      0x148 build/icmp.o
                0x0800c068                icmp_input
 .text.icmp_dest_unreach
                0x0800c1b0        0xc build/icmp.o
                0x0800c1b0                icmp_dest_unreach
 .text.icmp_time_exceeded
                0x0800c1bc        0xc build/icmp.o
                0x0800c1bc                icmp_time_exceeded
 .text.ip4_input_accept
                0x0800c1c8       0x34 build/ip4.o
 .text.ip4_route
                0x0800c1fc       0xac build/ip4.o
                0x0800c1fc                ip4_route
 .text.ip4_input
                0x0800c2a8      0x1a0 build/ip4.o
                0x0800c2a8                ip4_input
 .text.ip4_output_if_src
                0x0800c448      0x100 build/ip4.o
                0x0800c448                ip4_output_if_src
 .text.ip4_output_if
                0x0800c548       0x2a build/ip4.o
                0x0800c548                ip4_output_if
 .text.ip4_addr_isbroadcast_u32
                0x0800c572       0x40 build/ip4_addr.o
                0x0800c572                ip4_addr_isbroadcast_u32
 *fill*         0x0800c5b2        0x2 
 .text.ip_reass_dequeue_datagram
                0x0800c5b4       0x48 build/ip4_frag.o
 .text.ip_reass_free_complete_datagram
                0x0800c5fc       0xfc build/ip4_frag.o
 .text.ip_reass_remove_oldest_datagram
                0x0800c6f8       0x78 build/ip4_frag.o
 .text.ip_frag_free_pbuf_custom_ref
                0x0800c770       0x2c build/ip4_frag.o
 .text.ipfrag_free_pbuf_custom
                0x0800c79c       0x34 build/ip4_frag.o
 .text.ip_reass_chain_frag_into_datagram_and_validate
                0x0800c7d0      0x1a0 build/ip4_frag.o
 .text.ip_frag_alloc_pbuf_custom_ref
                0x0800c970        0xa build/ip4_frag.o
 *fill*         0x0800c97a        0x2 
 .text.ip_reass_enqueue_new_datagram
                0x0800c97c       0x60 build/ip4_frag.o
 .text.ip_reass_tmr
                0x0800c9dc       0x2c build/ip4_frag.o
                0x0800c9dc                ip_reass_tmr
 .text.ip4_reass
                0x0800ca08      0x210 build/ip4_frag.o
                0x0800ca08                ip4_reass
 .text.ip4_frag
                0x0800cc18      0x1f0 build/ip4_frag.o
                0x0800cc18                ip4_frag
 .text.MX_CRC_Init
                0x0800ce08       0x20 build/crc.o
                0x0800ce08                MX_CRC_Init
 .text.HAL_CRC_MspInit
                0x0800ce28       0x30 build/crc.o
                0x0800ce28                HAL_CRC_MspInit
 .text.HAL_CRC_Init
                0x0800ce58       0x1e build/stm32f4xx_hal_crc.o
                0x0800ce58                HAL_CRC_Init
 .text.HAL_CRC_Calculate
                0x0800ce76       0x48 build/stm32f4xx_hal_crc.o
                0x0800ce76                HAL_CRC_Calculate
 *fill*         0x0800cebe        0x2 
 .text.Reset_Handler
                0x0800cec0       0x50 build/startup_stm32f417xx.o
                0x0800cec0                Reset_Handler
 .text.Default_Handler
                0x0800cf10        0x2 build/startup_stm32f417xx.o
                0x0800cf10                RTC_Alarm_IRQHandler
                0x0800cf10                HASH_RNG_IRQHandler
                0x0800cf10                EXTI2_IRQHandler
                0x0800cf10                TIM8_CC_IRQHandler
                0x0800cf10                TIM1_CC_IRQHandler
                0x0800cf10                DMA2_Stream5_IRQHandler
                0x0800cf10                DMA1_Stream5_IRQHandler
                0x0800cf10                PVD_IRQHandler
                0x0800cf10                TAMP_STAMP_IRQHandler
                0x0800cf10                CAN2_RX1_IRQHandler
                0x0800cf10                EXTI3_IRQHandler
                0x0800cf10                TIM8_TRG_COM_TIM14_IRQHandler
                0x0800cf10                TIM1_UP_TIM10_IRQHandler
                0x0800cf10                TIM8_UP_TIM13_IRQHandler
                0x0800cf10                I2C3_ER_IRQHandler
                0x0800cf10                EXTI0_IRQHandler
                0x0800cf10                I2C2_EV_IRQHandler
                0x0800cf10                DMA1_Stream2_IRQHandler
                0x0800cf10                CAN1_RX0_IRQHandler
                0x0800cf10                OTG_HS_WKUP_IRQHandler
                0x0800cf10                CAN2_SCE_IRQHandler
                0x0800cf10                DMA2_Stream2_IRQHandler
                0x0800cf10                SPI1_IRQHandler
                0x0800cf10                TIM6_DAC_IRQHandler
                0x0800cf10                TIM1_BRK_TIM9_IRQHandler
                0x0800cf10                DCMI_IRQHandler
                0x0800cf10                CAN2_RX0_IRQHandler
                0x0800cf10                USART6_IRQHandler
                0x0800cf10                USART3_IRQHandler
                0x0800cf10                CRYP_IRQHandler
                0x0800cf10                CAN1_RX1_IRQHandler
                0x0800cf10                UART5_IRQHandler
                0x0800cf10                TIM4_IRQHandler
                0x0800cf10                I2C1_EV_IRQHandler
                0x0800cf10                DMA1_Stream6_IRQHandler
                0x0800cf10                DMA1_Stream1_IRQHandler
                0x0800cf10                UART4_IRQHandler
                0x0800cf10                TIM3_IRQHandler
                0x0800cf10                TIM8_BRK_TIM12_IRQHandler
                0x0800cf10                Default_Handler
                0x0800cf10                EXTI15_10_IRQHandler
                0x0800cf10                ADC_IRQHandler
                0x0800cf10                DMA1_Stream7_IRQHandler
                0x0800cf10                TIM7_IRQHandler
                0x0800cf10                CAN2_TX_IRQHandler
                0x0800cf10                TIM5_IRQHandler
                0x0800cf10                I2C3_EV_IRQHandler
                0x0800cf10                RTC_WKUP_IRQHandler
                0x0800cf10                ETH_WKUP_IRQHandler
                0x0800cf10                SPI2_IRQHandler
                0x0800cf10                OTG_HS_EP1_IN_IRQHandler
                0x0800cf10                DMA1_Stream0_IRQHandler
                0x0800cf10                CAN1_TX_IRQHandler
                0x0800cf10                EXTI4_IRQHandler
                0x0800cf10                FSMC_IRQHandler
                0x0800cf10                OTG_HS_EP1_OUT_IRQHandler
                0x0800cf10                WWDG_IRQHandler
                0x0800cf10                OTG_FS_WKUP_IRQHandler
                0x0800cf10                TIM1_TRG_COM_TIM11_IRQHandler
                0x0800cf10                OTG_HS_IRQHandler
                0x0800cf10                EXTI1_IRQHandler
                0x0800cf10                USART2_IRQHandler
                0x0800cf10                I2C2_ER_IRQHandler
                0x0800cf10                DMA2_Stream1_IRQHandler
                0x0800cf10                CAN1_SCE_IRQHandler
                0x0800cf10                FLASH_IRQHandler
                0x0800cf10                DMA2_Stream4_IRQHandler
                0x0800cf10                OTG_FS_IRQHandler
                0x0800cf10                SPI3_IRQHandler
                0x0800cf10                DMA1_Stream4_IRQHandler
                0x0800cf10                I2C1_ER_IRQHandler
                0x0800cf10                DMA1_Stream3_IRQHandler
 *fill*         0x0800cf12        0x2 
 .text.__libc_init_array
                0x0800cf14       0x48 d:/gnu arm embedded toolchain/10 2021.10/bin/../lib/gcc/arm-none-eabi/10.3.1/../../../../arm-none-eabi/lib/thumb/v7e-m+fp/hard\libc_nano.a(lib_a-init.o)
                0x0800cf14                __libc_init_array
 .text.malloc   0x0800cf5c       0x10 d:/gnu arm embedded toolchain/10 2021.10/bin/../lib/gcc/arm-none-eabi/10.3.1/../../../../arm-none-eabi/lib/thumb/v7e-m+fp/hard\libc_nano.a(lib_a-malloc.o)
                0x0800cf5c                malloc
 .text.memcmp   0x0800cf6c       0x20 d:/gnu arm embedded toolchain/10 2021.10/bin/../lib/gcc/arm-none-eabi/10.3.1/../../../../arm-none-eabi/lib/thumb/v7e-m+fp/hard\libc_nano.a(lib_a-memcmp.o)
                0x0800cf6c                memcmp
 .text.memcpy   0x0800cf8c       0x1c d:/gnu arm embedded toolchain/10 2021.10/bin/../lib/gcc/arm-none-eabi/10.3.1/../../../../arm-none-eabi/lib/thumb/v7e-m+fp/hard\libc_nano.a(lib_a-memcpy-stub.o)
                0x0800cf8c                memcpy
 .text.memset   0x0800cfa8       0x10 d:/gnu arm embedded toolchain/10 2021.10/bin/../lib/gcc/arm-none-eabi/10.3.1/../../../../arm-none-eabi/lib/thumb/v7e-m+fp/hard\libc_nano.a(lib_a-memset.o)
                0x0800cfa8                memset
 .text._free_r  0x0800cfb8       0x98 d:/gnu arm embedded toolchain/10 2021.10/bin/../lib/gcc/arm-none-eabi/10.3.1/../../../../arm-none-eabi/lib/thumb/v7e-m+fp/hard\libc_nano.a(lib_a-nano-freer.o)
                0x0800cfb8                _free_r
 .text.sbrk_aligned
                0x0800d050       0x40 d:/gnu arm embedded toolchain/10 2021.10/bin/../lib/gcc/arm-none-eabi/10.3.1/../../../../arm-none-eabi/lib/thumb/v7e-m+fp/hard\libc_nano.a(lib_a-nano-mallocr.o)
 .text._malloc_r
                0x0800d090       0xe8 d:/gnu arm embedded toolchain/10 2021.10/bin/../lib/gcc/arm-none-eabi/10.3.1/../../../../arm-none-eabi/lib/thumb/v7e-m+fp/hard\libc_nano.a(lib_a-nano-mallocr.o)
                0x0800d090                _malloc_r
 .text.printf   0x0800d178       0x30 d:/gnu arm embedded toolchain/10 2021.10/bin/../lib/gcc/arm-none-eabi/10.3.1/../../../../arm-none-eabi/lib/thumb/v7e-m+fp/hard\libc_nano.a(lib_a-printf.o)
                0x0800d178                iprintf
                0x0800d178                printf
 .text._puts_r  0x0800d1a8       0xdc d:/gnu arm embedded toolchain/10 2021.10/bin/../lib/gcc/arm-none-eabi/10.3.1/../../../../arm-none-eabi/lib/thumb/v7e-m+fp/hard\libc_nano.a(lib_a-puts.o)
                0x0800d1a8                _puts_r
 .text.puts     0x0800d284       0x10 d:/gnu arm embedded toolchain/10 2021.10/bin/../lib/gcc/arm-none-eabi/10.3.1/../../../../arm-none-eabi/lib/thumb/v7e-m+fp/hard\libc_nano.a(lib_a-puts.o)
                0x0800d284                puts
 .text.rand     0x0800d294       0x7c d:/gnu arm embedded toolchain/10 2021.10/bin/../lib/gcc/arm-none-eabi/10.3.1/../../../../arm-none-eabi/lib/thumb/v7e-m+fp/hard\libc_nano.a(lib_a-rand.o)
                0x0800d294                rand
 .text._sbrk_r  0x0800d310       0x20 d:/gnu arm embedded toolchain/10 2021.10/bin/../lib/gcc/arm-none-eabi/10.3.1/../../../../arm-none-eabi/lib/thumb/v7e-m+fp/hard\libc_nano.a(lib_a-sbrkr.o)
                0x0800d310                _sbrk_r
 .text.__swbuf_r
                0x0800d330       0xa4 d:/gnu arm embedded toolchain/10 2021.10/bin/../lib/gcc/arm-none-eabi/10.3.1/../../../../arm-none-eabi/lib/thumb/v7e-m+fp/hard\libc_nano.a(lib_a-wbuf.o)
                0x0800d330                __swbuf_r
 .text.__swsetup_r
                0x0800d3d4       0xdc d:/gnu arm embedded toolchain/10 2021.10/bin/../lib/gcc/arm-none-eabi/10.3.1/../../../../arm-none-eabi/lib/thumb/v7e-m+fp/hard\libc_nano.a(lib_a-wsetup.o)
                0x0800d3d4                __swsetup_r
 .text.__assert_func
                0x0800d4b0       0x3c d:/gnu arm embedded toolchain/10 2021.10/bin/../lib/gcc/arm-none-eabi/10.3.1/../../../../arm-none-eabi/lib/thumb/v7e-m+fp/hard\libc_nano.a(lib_a-assert.o)
                0x0800d4b0                __assert_func
 .text.__sflush_r
                0x0800d4ec      0x10c d:/gnu arm embedded toolchain/10 2021.10/bin/../lib/gcc/arm-none-eabi/10.3.1/../../../../arm-none-eabi/lib/thumb/v7e-m+fp/hard\libc_nano.a(lib_a-fflush.o)
                0x0800d4ec                __sflush_r
 .text._fflush_r
                0x0800d5f8       0x78 d:/gnu arm embedded toolchain/10 2021.10/bin/../lib/gcc/arm-none-eabi/10.3.1/../../../../arm-none-eabi/lib/thumb/v7e-m+fp/hard\libc_nano.a(lib_a-fflush.o)
                0x0800d5f8                _fflush_r
 .text.std      0x0800d670       0x48 d:/gnu arm embedded toolchain/10 2021.10/bin/../lib/gcc/arm-none-eabi/10.3.1/../../../../arm-none-eabi/lib/thumb/v7e-m+fp/hard\libc_nano.a(lib_a-findfp.o)
 .text._cleanup_r
                0x0800d6b8        0xc d:/gnu arm embedded toolchain/10 2021.10/bin/../lib/gcc/arm-none-eabi/10.3.1/../../../../arm-none-eabi/lib/thumb/v7e-m+fp/hard\libc_nano.a(lib_a-findfp.o)
                0x0800d6b8                _cleanup_r
 .text.__sfmoreglue
                0x0800d6c4       0x2c d:/gnu arm embedded toolchain/10 2021.10/bin/../lib/gcc/arm-none-eabi/10.3.1/../../../../arm-none-eabi/lib/thumb/v7e-m+fp/hard\libc_nano.a(lib_a-findfp.o)
                0x0800d6c4                __sfmoreglue
 .text.__sfp_lock_acquire
                0x0800d6f0        0xc d:/gnu arm embedded toolchain/10 2021.10/bin/../lib/gcc/arm-none-eabi/10.3.1/../../../../arm-none-eabi/lib/thumb/v7e-m+fp/hard\libc_nano.a(lib_a-findfp.o)
                0x0800d6f0                __sfp_lock_acquire
 .text.__sfp_lock_release
                0x0800d6fc        0xc d:/gnu arm embedded toolchain/10 2021.10/bin/../lib/gcc/arm-none-eabi/10.3.1/../../../../arm-none-eabi/lib/thumb/v7e-m+fp/hard\libc_nano.a(lib_a-findfp.o)
                0x0800d6fc                __sfp_lock_release
 .text.__sinit_lock_acquire
                0x0800d708        0xc d:/gnu arm embedded toolchain/10 2021.10/bin/../lib/gcc/arm-none-eabi/10.3.1/../../../../arm-none-eabi/lib/thumb/v7e-m+fp/hard\libc_nano.a(lib_a-findfp.o)
                0x0800d708                __sinit_lock_acquire
 .text.__sinit_lock_release
                0x0800d714        0xc d:/gnu arm embedded toolchain/10 2021.10/bin/../lib/gcc/arm-none-eabi/10.3.1/../../../../arm-none-eabi/lib/thumb/v7e-m+fp/hard\libc_nano.a(lib_a-findfp.o)
                0x0800d714                __sinit_lock_release
 .text.__sinit  0x0800d720       0x70 d:/gnu arm embedded toolchain/10 2021.10/bin/../lib/gcc/arm-none-eabi/10.3.1/../../../../arm-none-eabi/lib/thumb/v7e-m+fp/hard\libc_nano.a(lib_a-findfp.o)
                0x0800d720                __sinit
 .text.__sfp    0x0800d790       0x8c d:/gnu arm embedded toolchain/10 2021.10/bin/../lib/gcc/arm-none-eabi/10.3.1/../../../../arm-none-eabi/lib/thumb/v7e-m+fp/hard\libc_nano.a(lib_a-findfp.o)
                0x0800d790                __sfp
 .text.fprintf  0x0800d81c       0x24 d:/gnu arm embedded toolchain/10 2021.10/bin/../lib/gcc/arm-none-eabi/10.3.1/../../../../arm-none-eabi/lib/thumb/v7e-m+fp/hard\libc_nano.a(lib_a-fprintf.o)
                0x0800d81c                fiprintf
                0x0800d81c                fprintf
 .text._fwalk_reent
                0x0800d840       0x3e d:/gnu arm embedded toolchain/10 2021.10/bin/../lib/gcc/arm-none-eabi/10.3.1/../../../../arm-none-eabi/lib/thumb/v7e-m+fp/hard\libc_nano.a(lib_a-fwalk.o)
                0x0800d840                _fwalk_reent
 .text.__retarget_lock_init_recursive
                0x0800d87e        0x2 d:/gnu arm embedded toolchain/10 2021.10/bin/../lib/gcc/arm-none-eabi/10.3.1/../../../../arm-none-eabi/lib/thumb/v7e-m+fp/hard\libc_nano.a(lib_a-lock.o)
                0x0800d87e                __retarget_lock_init_recursive
 .text.__retarget_lock_acquire_recursive
                0x0800d880        0x2 d:/gnu arm embedded toolchain/10 2021.10/bin/../lib/gcc/arm-none-eabi/10.3.1/../../../../arm-none-eabi/lib/thumb/v7e-m+fp/hard\libc_nano.a(lib_a-lock.o)
                0x0800d880                __retarget_lock_acquire_recursive
 .text.__retarget_lock_release_recursive
                0x0800d882        0x2 d:/gnu arm embedded toolchain/10 2021.10/bin/../lib/gcc/arm-none-eabi/10.3.1/../../../../arm-none-eabi/lib/thumb/v7e-m+fp/hard\libc_nano.a(lib_a-lock.o)
                0x0800d882                __retarget_lock_release_recursive
 .text.__swhatbuf_r
                0x0800d884       0x4a d:/gnu arm embedded toolchain/10 2021.10/bin/../lib/gcc/arm-none-eabi/10.3.1/../../../../arm-none-eabi/lib/thumb/v7e-m+fp/hard\libc_nano.a(lib_a-makebuf.o)
                0x0800d884                __swhatbuf_r
 *fill*         0x0800d8ce        0x2 
 .text.__smakebuf_r
                0x0800d8d0       0x80 d:/gnu arm embedded toolchain/10 2021.10/bin/../lib/gcc/arm-none-eabi/10.3.1/../../../../arm-none-eabi/lib/thumb/v7e-m+fp/hard\libc_nano.a(lib_a-makebuf.o)
                0x0800d8d0                __smakebuf_r
 .text.__malloc_lock
                0x0800d950        0xc d:/gnu arm embedded toolchain/10 2021.10/bin/../lib/gcc/arm-none-eabi/10.3.1/../../../../arm-none-eabi/lib/thumb/v7e-m+fp/hard\libc_nano.a(lib_a-mlock.o)
                0x0800d950                __malloc_lock
 .text.__malloc_unlock
                0x0800d95c        0xc d:/gnu arm embedded toolchain/10 2021.10/bin/../lib/gcc/arm-none-eabi/10.3.1/../../../../arm-none-eabi/lib/thumb/v7e-m+fp/hard\libc_nano.a(lib_a-mlock.o)
                0x0800d95c                __malloc_unlock
 .text.__sfputc_r
                0x0800d968       0x2e d:/gnu arm embedded toolchain/10 2021.10/bin/../lib/gcc/arm-none-eabi/10.3.1/../../../../arm-none-eabi/lib/thumb/v7e-m+fp/hard\libc_nano.a(lib_a-nano-vfprintf.o)
 .text.__sfputs_r
                0x0800d996       0x24 d:/gnu arm embedded toolchain/10 2021.10/bin/../lib/gcc/arm-none-eabi/10.3.1/../../../../arm-none-eabi/lib/thumb/v7e-m+fp/hard\libc_nano.a(lib_a-nano-vfprintf.o)
                0x0800d996                __sfputs_r
 *fill*         0x0800d9ba        0x2 
 .text._vfprintf_r
                0x0800d9bc      0x260 d:/gnu arm embedded toolchain/10 2021.10/bin/../lib/gcc/arm-none-eabi/10.3.1/../../../../arm-none-eabi/lib/thumb/v7e-m+fp/hard\libc_nano.a(lib_a-nano-vfprintf.o)
                0x0800d9bc                _vfprintf_r
                0x0800d9bc                _vfiprintf_r
 .text._printf_common
                0x0800dc1c       0xda d:/gnu arm embedded toolchain/10 2021.10/bin/../lib/gcc/arm-none-eabi/10.3.1/../../../../arm-none-eabi/lib/thumb/v7e-m+fp/hard\libc_nano.a(lib_a-nano-vfprintf_i.o)
                0x0800dc1c                _printf_common
 *fill*         0x0800dcf6        0x2 
 .text._printf_i
                0x0800dcf8      0x24c d:/gnu arm embedded toolchain/10 2021.10/bin/../lib/gcc/arm-none-eabi/10.3.1/../../../../arm-none-eabi/lib/thumb/v7e-m+fp/hard\libc_nano.a(lib_a-nano-vfprintf_i.o)
                0x0800dcf8                _printf_i
 .text.__sread  0x0800df44       0x22 d:/gnu arm embedded toolchain/10 2021.10/bin/../lib/gcc/arm-none-eabi/10.3.1/../../../../arm-none-eabi/lib/thumb/v7e-m+fp/hard\libc_nano.a(lib_a-stdio.o)
                0x0800df44                __sread
 .text.__swrite
                0x0800df66       0x38 d:/gnu arm embedded toolchain/10 2021.10/bin/../lib/gcc/arm-none-eabi/10.3.1/../../../../arm-none-eabi/lib/thumb/v7e-m+fp/hard\libc_nano.a(lib_a-stdio.o)
                0x0800df66                __swrite
 .text.__sseek  0x0800df9e       0x24 d:/gnu arm embedded toolchain/10 2021.10/bin/../lib/gcc/arm-none-eabi/10.3.1/../../../../arm-none-eabi/lib/thumb/v7e-m+fp/hard\libc_nano.a(lib_a-stdio.o)
                0x0800df9e                __sseek
 .text.__sclose
                0x0800dfc2        0x8 d:/gnu arm embedded toolchain/10 2021.10/bin/../lib/gcc/arm-none-eabi/10.3.1/../../../../arm-none-eabi/lib/thumb/v7e-m+fp/hard\libc_nano.a(lib_a-stdio.o)
                0x0800dfc2                __sclose
 *fill*         0x0800dfca        0x2 
 .text._write_r
                0x0800dfcc       0x24 d:/gnu arm embedded toolchain/10 2021.10/bin/../lib/gcc/arm-none-eabi/10.3.1/../../../../arm-none-eabi/lib/thumb/v7e-m+fp/hard\libc_nano.a(lib_a-writer.o)
                0x0800dfcc                _write_r
 .text.abort    0x0800dff0        0xe d:/gnu arm embedded toolchain/10 2021.10/bin/../lib/gcc/arm-none-eabi/10.3.1/../../../../arm-none-eabi/lib/thumb/v7e-m+fp/hard\libc_nano.a(lib_a-abort.o)
                0x0800dff0                abort
 *fill*         0x0800dffe        0x2 
 .text._close_r
                0x0800e000       0x20 d:/gnu arm embedded toolchain/10 2021.10/bin/../lib/gcc/arm-none-eabi/10.3.1/../../../../arm-none-eabi/lib/thumb/v7e-m+fp/hard\libc_nano.a(lib_a-closer.o)
                0x0800e000                _close_r
 .text._fstat_r
                0x0800e020       0x24 d:/gnu arm embedded toolchain/10 2021.10/bin/../lib/gcc/arm-none-eabi/10.3.1/../../../../arm-none-eabi/lib/thumb/v7e-m+fp/hard\libc_nano.a(lib_a-fstatr.o)
                0x0800e020                _fstat_r
 .text._isatty_r
                0x0800e044       0x20 d:/gnu arm embedded toolchain/10 2021.10/bin/../lib/gcc/arm-none-eabi/10.3.1/../../../../arm-none-eabi/lib/thumb/v7e-m+fp/hard\libc_nano.a(lib_a-isattyr.o)
                0x0800e044                _isatty_r
 .text._lseek_r
                0x0800e064       0x24 d:/gnu arm embedded toolchain/10 2021.10/bin/../lib/gcc/arm-none-eabi/10.3.1/../../../../arm-none-eabi/lib/thumb/v7e-m+fp/hard\libc_nano.a(lib_a-lseekr.o)
                0x0800e064                _lseek_r
 .text._read_r  0x0800e088       0x24 d:/gnu arm embedded toolchain/10 2021.10/bin/../lib/gcc/arm-none-eabi/10.3.1/../../../../arm-none-eabi/lib/thumb/v7e-m+fp/hard\libc_nano.a(lib_a-readr.o)
                0x0800e088                _read_r
 .text._raise_r
                0x0800e0ac       0x50 d:/gnu arm embedded toolchain/10 2021.10/bin/../lib/gcc/arm-none-eabi/10.3.1/../../../../arm-none-eabi/lib/thumb/v7e-m+fp/hard\libc_nano.a(lib_a-signal.o)
                0x0800e0ac                _raise_r
 .text.raise    0x0800e0fc       0x10 d:/gnu arm embedded toolchain/10 2021.10/bin/../lib/gcc/arm-none-eabi/10.3.1/../../../../arm-none-eabi/lib/thumb/v7e-m+fp/hard\libc_nano.a(lib_a-signal.o)
                0x0800e0fc                raise
 .text._kill_r  0x0800e10c       0x24 d:/gnu arm embedded toolchain/10 2021.10/bin/../lib/gcc/arm-none-eabi/10.3.1/../../../../arm-none-eabi/lib/thumb/v7e-m+fp/hard\libc_nano.a(lib_a-signalr.o)
                0x0800e10c                _kill_r
 .text._getpid_r
                0x0800e130        0x4 d:/gnu arm embedded toolchain/10 2021.10/bin/../lib/gcc/arm-none-eabi/10.3.1/../../../../arm-none-eabi/lib/thumb/v7e-m+fp/hard\libc_nano.a(lib_a-signalr.o)
                0x0800e130                _getpid_r
 .text._close   0x0800e134       0x10 d:/gnu arm embedded toolchain/10 2021.10/bin/../lib/gcc/arm-none-eabi/10.3.1/../../../../arm-none-eabi/lib/thumb/v7e-m+fp/hard\libnosys.a(close.o)
                0x0800e134                _close
 .text._fstat   0x0800e144       0x10 d:/gnu arm embedded toolchain/10 2021.10/bin/../lib/gcc/arm-none-eabi/10.3.1/../../../../arm-none-eabi/lib/thumb/v7e-m+fp/hard\libnosys.a(fstat.o)
                0x0800e144                _fstat
 .text._getpid  0x0800e154       0x10 d:/gnu arm embedded toolchain/10 2021.10/bin/../lib/gcc/arm-none-eabi/10.3.1/../../../../arm-none-eabi/lib/thumb/v7e-m+fp/hard\libnosys.a(getpid.o)
                0x0800e154                _getpid
 .text._isatty  0x0800e164       0x10 d:/gnu arm embedded toolchain/10 2021.10/bin/../lib/gcc/arm-none-eabi/10.3.1/../../../../arm-none-eabi/lib/thumb/v7e-m+fp/hard\libnosys.a(isatty.o)
                0x0800e164                _isatty
 .text._kill    0x0800e174       0x10 d:/gnu arm embedded toolchain/10 2021.10/bin/../lib/gcc/arm-none-eabi/10.3.1/../../../../arm-none-eabi/lib/thumb/v7e-m+fp/hard\libnosys.a(kill.o)
                0x0800e174                _kill
 .text._lseek   0x0800e184       0x10 d:/gnu arm embedded toolchain/10 2021.10/bin/../lib/gcc/arm-none-eabi/10.3.1/../../../../arm-none-eabi/lib/thumb/v7e-m+fp/hard\libnosys.a(lseek.o)
                0x0800e184                _lseek
 .text._read    0x0800e194       0x10 d:/gnu arm embedded toolchain/10 2021.10/bin/../lib/gcc/arm-none-eabi/10.3.1/../../../../arm-none-eabi/lib/thumb/v7e-m+fp/hard\libnosys.a(read.o)
                0x0800e194                _read
 .text._sbrk    0x0800e1a4       0x1c d:/gnu arm embedded toolchain/10 2021.10/bin/../lib/gcc/arm-none-eabi/10.3.1/../../../../arm-none-eabi/lib/thumb/v7e-m+fp/hard\libnosys.a(sbrk.o)
                0x0800e1a4                _sbrk
 .text._exit    0x0800e1c0        0x4 d:/gnu arm embedded toolchain/10 2021.10/bin/../lib/gcc/arm-none-eabi/10.3.1/../../../../arm-none-eabi/lib/thumb/v7e-m+fp/hard\libnosys.a(_exit.o)
                0x0800e1c0                _exit
 *(.glue_7)
 .glue_7        0x0800e1c4        0x0 linker stubs
 *(.glue_7t)
 .glue_7t       0x0800e1c4        0x0 linker stubs
 *(.eh_frame)
 .eh_frame      0x0800e1c4        0x0 d:/gnu arm embedded toolchain/10 2021.10/bin/../lib/gcc/arm-none-eabi/10.3.1/thumb/v7e-m+fp/hard/crtbegin.o
 *(.init)
 .init          0x0800e1c4        0x4 d:/gnu arm embedded toolchain/10 2021.10/bin/../lib/gcc/arm-none-eabi/10.3.1/thumb/v7e-m+fp/hard/crti.o
                0x0800e1c4                _init
 .init          0x0800e1c8        0x8 d:/gnu arm embedded toolchain/10 2021.10/bin/../lib/gcc/arm-none-eabi/10.3.1/thumb/v7e-m+fp/hard/crtn.o
 *(.fini)
 .fini          0x0800e1d0        0x4 d:/gnu arm embedded toolchain/10 2021.10/bin/../lib/gcc/arm-none-eabi/10.3.1/thumb/v7e-m+fp/hard/crti.o
                0x0800e1d0                _fini
 .fini          0x0800e1d4        0x8 d:/gnu arm embedded toolchain/10 2021.10/bin/../lib/gcc/arm-none-eabi/10.3.1/thumb/v7e-m+fp/hard/crtn.o
                0x0800e1dc                . = ALIGN (0x4)
                0x0800e1dc                _etext = .

.vfp11_veneer   0x0800e1dc        0x0
 .vfp11_veneer  0x0800e1dc        0x0 linker stubs

.v4_bx          0x0800e1dc        0x0
 .v4_bx         0x0800e1dc        0x0 linker stubs

.iplt           0x0800e1dc        0x0
 .iplt          0x0800e1dc        0x0 d:/gnu arm embedded toolchain/10 2021.10/bin/../lib/gcc/arm-none-eabi/10.3.1/thumb/v7e-m+fp/hard/crtbegin.o

.rodata         0x0800e1dc     0x243c
                0x0800e1dc                . = ALIGN (0x4)
 *(.rodata)
 *(.rodata*)
 .rodata.main.str1.4
                0x0800e1dc       0x15 build/main.o
 *fill*         0x0800e1f1        0x3 
 .rodata.NoFFTClaculat.str1.4
                0x0800e1f4        0xa build/ad7606.o
 *fill*         0x0800e1fe        0x2 
 .rodata.ana_AD7606.str1.4
                0x0800e200       0x35 build/ad7606.o
 *fill*         0x0800e235        0x3 
 .rodata.flagBitshiftOffset.0
                0x0800e238        0x8 build/stm32f4xx_hal_dma.o
 .rodata.AHBPrescTable
                0x0800e240       0x10 build/system_stm32f4xx.o
                0x0800e240                AHBPrescTable
 .rodata.APBPrescTable
                0x0800e250        0x8 build/system_stm32f4xx.o
                0x0800e250                APBPrescTable
 .rodata.ethernetif_init.str1.4
                0x0800e258       0x54 build/ethernetif.o
 .rodata.tcp_client_connected.str1.4
                0x0800e2ac        0xe build/lwip.o
 *fill*         0x0800e2ba        0x2 
 .rodata.TCP_Client_Init.str1.4
                0x0800e2bc       0x2d build/lwip.o
 *fill*         0x0800e2e9        0x3 
 .rodata.tcp_client_error.str1.4
                0x0800e2ec       0x4a build/lwip.o
 *fill*         0x0800e336        0x2 
 .rodata.tcp_client_recv.str1.4
                0x0800e338       0x1e build/lwip.o
 *fill*         0x0800e356        0x2 
 .rodata.ethernet_output.str1.4
                0x0800e358       0x65 build/ethernet.o
                                 0x90 (size before relaxing)
 *fill*         0x0800e3bd        0x3 
 .rodata.ethbroadcast
                0x0800e3c0        0x6 build/ethernet.o
                0x0800e3c0                ethbroadcast
 *fill*         0x0800e3c6        0x2 
 .rodata.ethzero
                0x0800e3c8        0x6 build/ethernet.o
                0x0800e3c8                ethzero
 *fill*         0x0800e3ce        0x2 
 .rodata.plug_holes.str1.4
                0x0800e3d0       0xa6 build/mem.o
                                 0xce (size before relaxing)
 *fill*         0x0800e476        0x2 
 .rodata.mem_free.str1.4
                0x0800e478       0x9a build/mem.o
 *fill*         0x0800e512        0x2 
 .rodata.mem_trim.str1.4
                0x0800e514       0x49 build/mem.o
 *fill*         0x0800e55d        0x3 
 .rodata.mem_malloc.str1.4
                0x0800e560       0x9f build/mem.o
 *fill*         0x0800e5ff        0x1 
 .rodata.do_memp_malloc_pool.str1.4
                0x0800e600       0x53 build/memp.o
                                 0x7c (size before relaxing)
 *fill*         0x0800e653        0x1 
 .rodata.do_memp_free_pool.str1.4
                0x0800e654       0x20 build/memp.o
 .rodata.memp_malloc.str1.4
                0x0800e674       0x1d build/memp.o
 *fill*         0x0800e691        0x3 
 .rodata.memp_free.str1.4
                0x0800e694       0x1b build/memp.o
 *fill*         0x0800e6af        0x1 
 .rodata.memp_FRAG_PBUF
                0x0800e6b0        0xc build/memp.o
                0x0800e6b0                memp_FRAG_PBUF
 .rodata.memp_PBUF
                0x0800e6bc        0xc build/memp.o
                0x0800e6bc                memp_PBUF
 .rodata.memp_PBUF_POOL
                0x0800e6c8        0xc build/memp.o
                0x0800e6c8                memp_PBUF_POOL
 .rodata.memp_REASSDATA
                0x0800e6d4        0xc build/memp.o
                0x0800e6d4                memp_REASSDATA
 .rodata.memp_SYS_TIMEOUT
                0x0800e6e0        0xc build/memp.o
                0x0800e6e0                memp_SYS_TIMEOUT
 .rodata.memp_TCP_PCB
                0x0800e6ec        0xc build/memp.o
                0x0800e6ec                memp_TCP_PCB
 .rodata.memp_TCP_PCB_LISTEN
                0x0800e6f8        0xc build/memp.o
                0x0800e6f8                memp_TCP_PCB_LISTEN
 .rodata.memp_TCP_SEG
                0x0800e704        0xc build/memp.o
                0x0800e704                memp_TCP_SEG
 .rodata.memp_UDP_PCB
                0x0800e710        0xc build/memp.o
                0x0800e710                memp_UDP_PCB
 .rodata.memp_pools
                0x0800e71c       0x24 build/memp.o
                0x0800e71c                memp_pools
 .rodata.netif_issue_reports.str1.4
                0x0800e740       0x53 build/netif.o
                                 0x7c (size before relaxing)
 *fill*         0x0800e793        0x1 
 .rodata.netif_do_set_ipaddr.str1.4
                0x0800e794       0x10 build/netif.o
 .rodata.netif_add.str1.4
                0x0800e7a4       0x82 build/netif.o
 *fill*         0x0800e826        0x2 
 .rodata.netif_set_up.str1.4
                0x0800e828       0x1c build/netif.o
 .rodata.netif_set_down.str1.4
                0x0800e844       0x1e build/netif.o
 *fill*         0x0800e862        0x2 
 .rodata.netif_set_link_up.str1.4
                0x0800e864       0x21 build/netif.o
 *fill*         0x0800e885        0x3 
 .rodata.netif_set_link_down.str1.4
                0x0800e888       0x23 build/netif.o
 *fill*         0x0800e8ab        0x1 
 .rodata.pbuf_add_header_impl.str1.4
                0x0800e8ac       0x3a build/pbuf.o
                                 0x64 (size before relaxing)
 *fill*         0x0800e8e6        0x2 
 .rodata.pbuf_alloc_reference.str1.4
                0x0800e8e8       0x12 build/pbuf.o
 *fill*         0x0800e8fa        0x2 
 .rodata.pbuf_remove_header.str1.4
                0x0800e8fc       0x1e build/pbuf.o
 *fill*         0x0800e91a        0x2 
 .rodata.pbuf_free.str1.4
                0x0800e91c       0x4e build/pbuf.o
 *fill*         0x0800e96a        0x2 
 .rodata.pbuf_alloc.str1.4
                0x0800e96c       0xab build/pbuf.o
 *fill*         0x0800ea17        0x1 
 .rodata.pbuf_realloc.str1.4
                0x0800ea18       0x4c build/pbuf.o
 .rodata.pbuf_ref.str1.4
                0x0800ea64       0x12 build/pbuf.o
 *fill*         0x0800ea76        0x2 
 .rodata.pbuf_cat.str1.4
                0x0800ea78       0x78 build/pbuf.o
 .rodata.pbuf_copy.str1.4
                0x0800eaf0       0x9e build/pbuf.o
 *fill*         0x0800eb8e        0x2 
 .rodata.pbuf_copy_partial.str1.4
                0x0800eb90       0x43 build/pbuf.o
 *fill*         0x0800ebd3        0x1 
 .rodata.pbuf_clone.str1.4
                0x0800ebd4       0x11 build/pbuf.o
 *fill*         0x0800ebe5        0x3 
 .rodata.tcp_remove_listener.str1.4
                0x0800ebe8       0x52 build/tcp.o
                                 0x7c (size before relaxing)
 *fill*         0x0800ec3a        0x2 
 .rodata.tcp_listen_closed.str1.4
                0x0800ec3c       0x21 build/tcp.o
 *fill*         0x0800ec5d        0x3 
 .rodata.tcp_free_listen.str1.4
                0x0800ec60       0x19 build/tcp.o
 *fill*         0x0800ec79        0x3 
 .rodata.tcp_free.str1.4
                0x0800ec7c       0x11 build/tcp.o
 *fill*         0x0800ec8d        0x3 
 .rodata.tcp_update_rcv_ann_wnd.str1.4
                0x0800ec90       0x3e build/tcp.o
 *fill*         0x0800ecce        0x2 
 .rodata.tcp_recved.str1.4
                0x0800ecd0       0x3e build/tcp.o
 *fill*         0x0800ed0e        0x2 
 .rodata.tcp_seg_copy.str1.4
                0x0800ed10       0x1a build/tcp.o
 *fill*         0x0800ed2a        0x2 
 .rodata.tcp_recv.str1.4
                0x0800ed2c       0x27 build/tcp.o
 *fill*         0x0800ed53        0x1 
 .rodata.tcp_err.str1.4
                0x0800ed54       0x26 build/tcp.o
 *fill*         0x0800ed7a        0x2 
 .rodata.tcp_next_iss.str1.4
                0x0800ed7c       0x1a build/tcp.o
 *fill*         0x0800ed96        0x2 
 .rodata.tcp_eff_send_mss_netif.str1.4
                0x0800ed98       0x27 build/tcp.o
 *fill*         0x0800edbf        0x1 
 .rodata.tcp_connect.str1.4
                0x0800edc0       0x68 build/tcp.o
 .rodata.tcp_pcb_purge.str1.4
                0x0800ee28       0x1b build/tcp.o
 *fill*         0x0800ee43        0x1 
 .rodata.tcp_pcb_remove.str1.4
                0x0800ee44       0x87 build/tcp.o
 *fill*         0x0800eecb        0x1 
 .rodata.tcp_abandon.str1.4
                0x0800eecc       0x4d build/tcp.o
 *fill*         0x0800ef19        0x3 
 .rodata.tcp_netif_ip_addr_changed_pcblist.str1.4
                0x0800ef1c       0x34 build/tcp.o
 .rodata.tcp_kill_state.str1.4
                0x0800ef50        0xe build/tcp.o
 *fill*         0x0800ef5e        0x2 
 .rodata.tcp_close_shutdown.str1.4
                0x0800ef60       0x39 build/tcp.o
 *fill*         0x0800ef99        0x3 
 .rodata.tcp_close.str1.4
                0x0800ef9c       0x17 build/tcp.o
 *fill*         0x0800efb3        0x1 
 .rodata.tcp_recv_null.str1.4
                0x0800efb4       0x1b build/tcp.o
 *fill*         0x0800efcf        0x1 
 .rodata.tcp_process_refused_data.str1.4
                0x0800efd0       0x26 build/tcp.o
 *fill*         0x0800eff6        0x2 
 .rodata.tcp_slowtmr.str1.4
                0x0800eff8      0x1ca build/tcp.o
 *fill*         0x0800f1c2        0x2 
 .rodata.tcp_backoff
                0x0800f1c4        0xd build/tcp.o
 *fill*         0x0800f1d1        0x3 
 .rodata.tcp_pcb_lists
                0x0800f1d4       0x10 build/tcp.o
                0x0800f1d4                tcp_pcb_lists
 .rodata.tcp_persist_backoff
                0x0800f1e4        0x7 build/tcp.o
 *fill*         0x0800f1eb        0x1 
 .rodata.tcp_parseopt.str1.4
                0x0800f1ec       0x4a build/tcp_in.o
                                 0x74 (size before relaxing)
 *fill*         0x0800f236        0x2 
 .rodata.tcp_input_delayed_close.str1.4
                0x0800f238       0x25 build/tcp_in.o
 *fill*         0x0800f25d        0x3 
 .rodata.tcp_timewait_input.str1.4
                0x0800f260       0x20 build/tcp_in.o
 .rodata.tcp_listen_input.str1.4
                0x0800f280       0x1e build/tcp_in.o
 *fill*         0x0800f29e        0x2 
 .rodata.tcp_free_acked_segments.str1.4
                0x0800f2a0       0x48 build/tcp_in.o
 .rodata.tcp_oos_insert_segment.str1.4
                0x0800f2e8       0x25 build/tcp_in.o
 *fill*         0x0800f30d        0x3 
 .rodata.tcp_receive.str1.4
                0x0800f310      0x131 build/tcp_in.o
 *fill*         0x0800f441        0x3 
 .rodata.tcp_process.str1.4
                0x0800f444       0x86 build/tcp_in.o
 *fill*         0x0800f4ca        0x2 
 .rodata.tcp_input.str1.4
                0x0800f4cc      0x172 build/tcp_in.o
 *fill*         0x0800f63e        0x2 
 .rodata.tcp_write_checks.str1.4
                0x0800f640       0xbe build/tcp_out.o
                                 0xe6 (size before relaxing)
 *fill*         0x0800f6fe        0x2 
 .rodata.tcp_output_segment_busy.str1.4
                0x0800f700       0x25 build/tcp_out.o
 *fill*         0x0800f725        0x3 
 .rodata.tcp_output_fill_options.str1.4
                0x0800f728       0x3b build/tcp_out.o
 *fill*         0x0800f763        0x1 
 .rodata.tcp_pbuf_prealloc.str1.4
                0x0800f764       0x58 build/tcp_out.o
 .rodata.tcp_create_segment.str1.4
                0x0800f7bc       0x59 build/tcp_out.o
 *fill*         0x0800f815        0x3 
 .rodata.tcp_output_alloc_header_common.str1.4
                0x0800f818       0x2e build/tcp_out.o
 *fill*         0x0800f846        0x2 
 .rodata.tcp_output_alloc_header.str1.4
                0x0800f848       0x25 build/tcp_out.o
 *fill*         0x0800f86d        0x3 
 .rodata.tcp_output_segment.str1.4
                0x0800f870       0x62 build/tcp_out.o
 *fill*         0x0800f8d2        0x2 
 .rodata.tcp_output_control_segment.str1.4
                0x0800f8d4       0x29 build/tcp_out.o
 *fill*         0x0800f8fd        0x3 
 .rodata.tcp_write.str1.4
                0x0800f900      0x1f2 build/tcp_out.o
 *fill*         0x0800faf2        0x2 
 .rodata.tcp_split_unsent_seg.str1.4
                0x0800faf4       0x66 build/tcp_out.o
 *fill*         0x0800fb5a        0x2 
 .rodata.tcp_enqueue_flags.str1.4
                0x0800fb5c      0x120 build/tcp_out.o
 .rodata.tcp_send_fin.str1.4
                0x0800fc7c       0x1a build/tcp_out.o
 *fill*         0x0800fc96        0x2 
 .rodata.tcp_rexmit_rto_prepare.str1.4
                0x0800fc98       0x24 build/tcp_out.o
 .rodata.tcp_rexmit.str1.4
                0x0800fcbc       0x18 build/tcp_out.o
 .rodata.tcp_rexmit_fast.str1.4
                0x0800fcd4       0x1d build/tcp_out.o
 *fill*         0x0800fcf1        0x3 
 .rodata.tcp_rst.str1.4
                0x0800fcf4       0x37 build/tcp_out.o
 *fill*         0x0800fd2b        0x1 
 .rodata.tcp_send_empty_ack.str1.4
                0x0800fd2c       0x20 build/tcp_out.o
 .rodata.tcp_output.str1.4
                0x0800fd4c       0x57 build/tcp_out.o
 *fill*         0x0800fda3        0x1 
 .rodata.tcp_rexmit_rto_commit.str1.4
                0x0800fda4       0x23 build/tcp_out.o
 *fill*         0x0800fdc7        0x1 
 .rodata.tcp_rexmit_rto.str1.4
                0x0800fdc8       0x1c build/tcp_out.o
 .rodata.tcp_keepalive.str1.4
                0x0800fde4       0x1b build/tcp_out.o
 *fill*         0x0800fdff        0x1 
 .rodata.tcp_zero_window_probe.str1.4
                0x0800fe00       0x23 build/tcp_out.o
 *fill*         0x0800fe23        0x1 
 .rodata.sys_timeout_abs.str1.4
                0x0800fe24       0x71 build/timeouts.o
                                 0x9c (size before relaxing)
 *fill*         0x0800fe95        0x3 
 .rodata.sys_timeout.str1.4
                0x0800fe98       0x36 build/timeouts.o
 *fill*         0x0800fece        0x2 
 .rodata.lwip_cyclic_timers
                0x0800fed0       0x18 build/timeouts.o
                0x0800fed0                lwip_cyclic_timers
 .rodata.udp_input_local_match.str1.4
                0x0800fee8       0x75 build/udp.o
                                 0x9d (size before relaxing)
 *fill*         0x0800ff5d        0x3 
 .rodata.udp_input.str1.4
                0x0800ff60       0x4f build/udp.o
 *fill*         0x0800ffaf        0x1 
 .rodata.etharp_find_entry.str1.4
                0x0800ffb0       0x89 build/etharp.o
                                 0xb1 (size before relaxing)
 *fill*         0x08010039        0x3 
 .rodata.etharp_update_arp_entry.str1.4
                0x0801003c       0x24 build/etharp.o
 .rodata.etharp_raw.str1.4